[    0.000000] Linux version 4.15.0-162-generic (buildd@lcy01-amd64-007) (gcc version 7.5.0 (Ubuntu 7.5.0-3ubuntu1~18.04)) #170-Ubuntu SMP Mon Oct 18 11:38:05 UTC 2021 (Ubuntu 4.15.0-162.170-generic 4.15.18)
[    0.000000] Command line: BOOT_IMAGE=/boot/vmlinuz-4.15.0-162-generic root=LABEL=cloudimg-rootfs ro console=tty1 console=ttyS0
[    0.000000] KERNEL supported cpus:
[    0.000000]   Intel GenuineIntel
[    0.000000]   AMD AuthenticAMD
[    0.000000]   Centaur CentaurHauls
[    0.000000] x86/fpu: Supporting XSAVE feature 0x001: 'x87 floating point registers'
[    0.000000] x86/fpu: Supporting XSAVE feature 0x002: 'SSE registers'
[    0.000000] x86/fpu: Supporting XSAVE feature 0x004: 'AVX registers'
[    0.000000] x86/fpu: xstate_offset[2]:  576, xstate_sizes[2]:  256
[    0.000000] x86/fpu: Enabled xstate features 0x7, context size is 832 bytes, using 'standard' format.
[    0.000000] e820: BIOS-provided physical RAM map:
[    0.000000] BIOS-e820: [mem 0x0000000000000000-0x000000000009fbff] usable
[    0.000000] BIOS-e820: [mem 0x000000000009fc00-0x000000000009ffff] reserved
[    0.000000] BIOS-e820: [mem 0x00000000000f0000-0x00000000000fffff] reserved
[    0.000000] BIOS-e820: [mem 0x0000000000100000-0x000000001ffeffff] usable
[    0.000000] BIOS-e820: [mem 0x000000001fff0000-0x000000001fffffff] ACPI data
[    0.000000] BIOS-e820: [mem 0x00000000fec00000-0x00000000fec00fff] reserved
[    0.000000] BIOS-e820: [mem 0x00000000fee00000-0x00000000fee00fff] reserved
[    0.000000] BIOS-e820: [mem 0x00000000fffc0000-0x00000000ffffffff] reserved
[    0.000000] NX (Execute Disable) protection: active
[    0.000000] SMBIOS 2.5 present.
[    0.000000] DMI: innotek GmbH VirtualBox/VirtualBox, BIOS VirtualBox 12/01/2006
[    0.000000] Hypervisor detected: KVM
[    0.000000] e820: last_pfn = 0x1fff0 max_arch_pfn = 0x400000000
[    0.000000] MTRR: Disabled
[    0.000000] x86/PAT: MTRRs disabled, skipping PAT initialization too.
[    0.000000] CPU MTRRs all blank - virtualized system.
[    0.000000] x86/PAT: Configuration [0-7]: WB  WT  UC- UC  WB  WT  UC- UC  
[    0.000000] found SMP MP-table at [mem 0x0009fff0-0x0009ffff]
[    0.000000] Scanning 1 areas for low memory corruption
[    0.000000] RAMDISK: [mem 0x1db0b000-0x1ee1cfff]
[    0.000000] ACPI: Early table checksum verification disabled
[    0.000000] ACPI: RSDP 0x00000000000E0000 000024 (v02 VBOX  )
[    0.000000] ACPI: XSDT 0x000000001FFF0030 00003C (v01 VBOX   VBOXXSDT 00000001 ASL  00000061)
[    0.000000] ACPI: FACP 0x000000001FFF00F0 0000F4 (v04 VBOX   VBOXFACP 00000001 ASL  00000061)
[    0.000000] ACPI: DSDT 0x000000001FFF0470 002325 (v02 VBOX   VBOXBIOS 00000002 INTL 20100528)
[    0.000000] ACPI: FACS 0x000000001FFF0200 000040
[    0.000000] ACPI: FACS 0x000000001FFF0200 000040
[    0.000000] ACPI: APIC 0x000000001FFF0240 000054 (v02 VBOX   VBOXAPIC 00000001 ASL  00000061)
[    0.000000] ACPI: SSDT 0x000000001FFF02A0 0001CC (v01 VBOX   VBOXCPUT 00000002 INTL 20100528)
[    0.000000] ACPI: Reserving FACP table memory at [mem 0x1fff00f0-0x1fff01e3]
[    0.000000] ACPI: Reserving DSDT table memory at [mem 0x1fff0470-0x1fff2794]
[    0.000000] ACPI: Reserving FACS table memory at [mem 0x1fff0200-0x1fff023f]
[    0.000000] ACPI: Reserving FACS table memory at [mem 0x1fff0200-0x1fff023f]
[    0.000000] ACPI: Reserving APIC table memory at [mem 0x1fff0240-0x1fff0293]
[    0.000000] ACPI: Reserving SSDT table memory at [mem 0x1fff02a0-0x1fff046b]
[    0.000000] No NUMA configuration found
[    0.000000] Faking a node at [mem 0x0000000000000000-0x000000001ffeffff]
[    0.000000] NODE_DATA(0) allocated [mem 0x1ffc5000-0x1ffeffff]
[    0.000000] kvm-clock: cpu 0, msr 0:1ff44001, primary cpu clock
[    0.000000] kvm-clock: Using msrs 4b564d01 and 4b564d00
[    0.000000] kvm-clock: using sched offset of 3942149967 cycles
[    0.000000] clocksource: kvm-clock: mask: 0xffffffffffffffff max_cycles: 0x1cd42e4dffb, max_idle_ns: 881590591483 ns
[    0.000000] Zone ranges:
[    0.000000]   DMA      [mem 0x0000000000001000-0x0000000000ffffff]
[    0.000000]   DMA32    [mem 0x0000000001000000-0x000000001ffeffff]
[    0.000000]   Normal   empty
[    0.000000]   Device   empty
[    0.000000] Movable zone start for each node
[    0.000000] Early memory node ranges
[    0.000000]   node   0: [mem 0x0000000000001000-0x000000000009efff]
[    0.000000]   node   0: [mem 0x0000000000100000-0x000000001ffeffff]
[    0.000000] Reserved but unavailable: 104 pages
[    0.000000] Initmem setup node 0 [mem 0x0000000000001000-0x000000001ffeffff]
[    0.000000] ACPI: PM-Timer IO Port: 0x4008
[    0.000000] IOAPIC[0]: apic_id 1, version 32, address 0xfec00000, GSI 0-23
[    0.000000] ACPI: INT_SRC_OVR (bus 0 bus_irq 0 global_irq 2 dfl dfl)
[    0.000000] ACPI: INT_SRC_OVR (bus 0 bus_irq 9 global_irq 9 low level)
[    0.000000] Using ACPI (MADT) for SMP configuration information
[    0.000000] smpboot: Allowing 1 CPUs, 0 hotplug CPUs
[    0.000000] PM: Registered nosave memory: [mem 0x00000000-0x00000fff]
[    0.000000] PM: Registered nosave memory: [mem 0x0009f000-0x0009ffff]
[    0.000000] PM: Registered nosave memory: [mem 0x000a0000-0x000effff]
[    0.000000] PM: Registered nosave memory: [mem 0x000f0000-0x000fffff]
[    0.000000] e820: [mem 0x20000000-0xfebfffff] available for PCI devices
[    0.000000] Booting paravirtualized kernel on KVM
[    0.000000] clocksource: refined-jiffies: mask: 0xffffffff max_cycles: 0xffffffff, max_idle_ns: 7645519600211568 ns
[    0.000000] random: get_random_bytes called from start_kernel+0x99/0x500 with crng_init=0
[    0.000000] setup_percpu: NR_CPUS:8192 nr_cpumask_bits:1 nr_cpu_ids:1 nr_node_ids:1
[    0.000000] percpu: Embedded 45 pages/cpu s147456 r8192 d28672 u2097152
[    0.000000] PV qspinlock hash table entries: 256 (order: 0, 4096 bytes)
[    0.000000] Built 1 zonelists, mobility grouping on.  Total pages: 128889
[    0.000000] Policy zone: DMA32
[    0.000000] Kernel command line: BOOT_IMAGE=/boot/vmlinuz-4.15.0-162-generic root=LABEL=cloudimg-rootfs ro console=tty1 console=ttyS0
[    0.000000] Memory: 466792K/523832K available (12300K kernel code, 2483K rwdata, 4320K rodata, 2448K init, 2724K bss, 57040K reserved, 0K cma-reserved)
[    0.000000] SLUB: HWalign=64, Order=0-3, MinObjects=0, CPUs=1, Nodes=1
[    0.000000] Kernel/User page tables isolation: enabled
[    0.000000] ftrace: allocating 39475 entries in 155 pages
[    0.004000] Hierarchical RCU implementation.
[    0.004000] 	RCU restricting CPUs from NR_CPUS=8192 to nr_cpu_ids=1.
[    0.004000] 	Tasks RCU enabled.
[    0.004000] RCU: Adjusting geometry for rcu_fanout_leaf=16, nr_cpu_ids=1
[    0.004000] NR_IRQS: 524544, nr_irqs: 256, preallocated irqs: 16
[    0.004000] Console: colour VGA+ 80x25
[    0.004000] console [tty1] enabled
[    0.004000] console [ttyS0] enabled
[    0.004000] ACPI: Core revision 20170831
[    0.004000] ACPI: 2 ACPI AML tables successfully acquired and loaded
[    0.004000] APIC: Switch to symmetric I/O mode setup
[    0.004000] x2apic enabled
[    0.004000] Switched APIC routing to physical x2apic.
[    0.004000] ..TIMER: vector=0x30 apic1=0 pin1=2 apic2=-1 pin2=-1
[    0.004019] tsc: Detected 2496.002 MHz processor
[    0.005106] Calibrating delay loop (skipped) preset value.. 4992.00 BogoMIPS (lpj=9984008)
[    0.008003] pid_max: default: 32768 minimum: 301
[    0.009075] Security Framework initialized
[    0.010049] Yama: becoming mindful.
[    0.010888] AppArmor: AppArmor initialized
[    0.012139] Dentry cache hash table entries: 65536 (order: 7, 524288 bytes)
[    0.013665] Inode-cache hash table entries: 32768 (order: 6, 262144 bytes)
[    0.015192] Mount-cache hash table entries: 1024 (order: 1, 8192 bytes)
[    0.016005] Mountpoint-cache hash table entries: 1024 (order: 1, 8192 bytes)
[    0.017897] process: using mwait in idle threads
[    0.020007] Last level iTLB entries: 4KB 64, 2MB 8, 4MB 8
[    0.021274] Last level dTLB entries: 4KB 64, 2MB 0, 4MB 0, 1GB 4
[    0.022532] Spectre V1 : Mitigation: usercopy/swapgs barriers and __user pointer sanitization
[    0.024003] Spectre V2 : Mitigation: Full generic retpoline
[    0.025362] Spectre V2 : Spectre v2 / SpectreRSB mitigation: Filling RSB on context switch
[    0.027181] Speculative Store Bypass: Vulnerable
[    0.028054] SRBDS: Unknown: Dependent on hypervisor status
[    0.029263] MDS: Mitigation: Clear CPU buffers
[    0.048677] Freeing SMP alternatives memory: 36K
[    0.160092] smpboot: CPU0: Intel(R) Core(TM) i5-6300U CPU @ 2.40GHz (family: 0x6, model: 0x4e, stepping: 0x3)
[    0.162432] Performance Events: unsupported p6 CPU model 78 no PMU driver, software events only.
[    0.164000] Hierarchical SRCU implementation.
[    0.164755] NMI watchdog: Perf event create on CPU 0 failed with -2
[    0.166184] NMI watchdog: Perf NMI watchdog permanently disabled
[    0.168044] smp: Bringing up secondary CPUs ...
[    0.169144] smp: Brought up 1 node, 1 CPU
[    0.170089] smpboot: Max logical packages: 1
[    0.171120] smpboot: Total of 1 processors activated (4992.00 BogoMIPS)
[    0.172123] devtmpfs: initialized
[    0.173031] x86/mm: Memory block size: 128MB
[    0.174493] evm: security.selinux
[    0.176005] evm: security.SMACK64
[    0.176874] evm: security.SMACK64EXEC
[    0.177836] evm: security.SMACK64TRANSMUTE
[    0.178918] evm: security.SMACK64MMAP
[    0.180003] evm: security.apparmor
[    0.180901] evm: security.ima
[    0.181781] evm: security.capability
[    0.183021] clocksource: jiffies: mask: 0xffffffff max_cycles: 0xffffffff, max_idle_ns: 7645041785100000 ns
[    0.184009] futex hash table entries: 256 (order: 2, 16384 bytes)
[    0.185576] pinctrl core: initialized pinctrl subsystem
[    0.188114] RTC time:  9:58:42, date: 11/26/21
[    0.189454] NET: Registered protocol family 16
[    0.190807] audit: initializing netlink subsys (disabled)
[    0.192142] cpuidle: using governor ladder
[    0.193183] cpuidle: using governor menu
[    0.194240] ACPI: bus type PCI registered
[    0.196003] acpiphp: ACPI Hot Plug PCI Controller Driver version: 0.5
[    0.197619] audit: type=2000 audit(1637920728.018:1): state=initialized audit_enabled=0 res=1
[    0.200134] PCI: Using configuration type 1 for base access
[    0.202944] HugeTLB registered 2.00 MiB page size, pre-allocated 0 pages
[    0.204171] ACPI: Added _OSI(Module Device)
[    0.205308] ACPI: Added _OSI(Processor Device)
[    0.206402] ACPI: Added _OSI(3.0 _SCP Extensions)
[    0.208004] ACPI: Added _OSI(Processor Aggregator Device)
[    0.209378] ACPI: Added _OSI(Linux-Dell-Video)
[    0.210583] ACPI: Added _OSI(Linux-Lenovo-NV-HDMI-Audio)
[    0.212018] ACPI: Added _OSI(Linux-HPI-Hybrid-Graphics)
[    0.213766] ACPI: Executed 1 blocks of module-level executable AML code
[    0.221273] ACPI: Interpreter enabled
[    0.222183] ACPI: (supports S0 S5)
[    0.223046] ACPI: Using IOAPIC for interrupt routing
[    0.224317] PCI: Using host bridge windows from ACPI; if necessary, use "pci=nocrs" and report a bug
[    0.226800] ACPI: Enabled 2 GPEs in block 00 to 07
[    0.237535] ACPI: PCI Root Bridge [PCI0] (domain 0000 [bus 00-ff])
[    0.239057] acpi PNP0A03:00: _OSC: OS supports [ASPM ClockPM Segments MSI]
[    0.240683] acpi PNP0A03:00: _OSC: not requesting OS control; OS requires [ExtendedConfig ASPM ClockPM MSI]
[    0.243233] acpi PNP0A03:00: fail to add MMCONFIG information, can't access extended PCI configuration space under this bridge.
[    0.244516] PCI host bridge to bus 0000:00
[    0.248004] pci_bus 0000:00: root bus resource [io  0x0000-0x0cf7 window]
[    0.249749] pci_bus 0000:00: root bus resource [io  0x0d00-0xffff window]
[    0.251369] pci_bus 0000:00: root bus resource [mem 0x000a0000-0x000bffff window]
[    0.252004] pci_bus 0000:00: root bus resource [mem 0x20000000-0xfdffffff window]
[    0.256003] pci_bus 0000:00: root bus resource [bus 00-ff]
[    0.260380] pci 0000:00:01.1: legacy IDE quirk: reg 0x10: [io  0x01f0-0x01f7]
[    0.262244] pci 0000:00:01.1: legacy IDE quirk: reg 0x14: [io  0x03f6]
[    0.263814] pci 0000:00:01.1: legacy IDE quirk: reg 0x18: [io  0x0170-0x0177]
[    0.264002] pci 0000:00:01.1: legacy IDE quirk: reg 0x1c: [io  0x0376]
[    0.278627] pci 0000:00:07.0: quirk: [io  0x4000-0x403f] claimed by PIIX4 ACPI
[    0.280029] pci 0000:00:07.0: quirk: [io  0x4100-0x410f] claimed by PIIX4 SMB
[    0.287559] ACPI: PCI Interrupt Link [LNKA] (IRQs 5 9 10 *11)
[    0.288490] ACPI: PCI Interrupt Link [LNKB] (IRQs 5 9 *10 11)
[    0.290109] ACPI: PCI Interrupt Link [LNKC] (IRQs 5 *9 10 11)
[    0.292149] ACPI: PCI Interrupt Link [LNKD] (IRQs 5 9 10 *11)
[    0.294369] SCSI subsystem initialized
[    0.295556] pci 0000:00:02.0: vgaarb: setting as boot VGA device
[    0.296000] pci 0000:00:02.0: vgaarb: VGA device added: decodes=io+mem,owns=io+mem,locks=none
[    0.296005] pci 0000:00:02.0: vgaarb: bridge control possible
[    0.300002] vgaarb: loaded
[    0.300781] ACPI: bus type USB registered
[    0.301834] usbcore: registered new interface driver usbfs
[    0.303192] usbcore: registered new interface driver hub
[    0.304023] usbcore: registered new device driver usb
[    0.305451] EDAC MC: Ver: 3.0.0
[    0.308319] PCI: Using ACPI for IRQ routing
[    0.309823] NetLabel: Initializing
[    0.310758] NetLabel:  domain hash size = 128
[    0.312002] NetLabel:  protocols = UNLABELED CIPSOv4 CALIPSO
[    0.313431] NetLabel:  unlabeled traffic allowed by default
[    0.314976] clocksource: Switched to clocksource kvm-clock
[    0.345928] VFS: Disk quotas dquot_6.6.0
[    0.347823] VFS: Dquot-cache hash table entries: 512 (order 0, 4096 bytes)
[    0.351150] AppArmor: AppArmor Filesystem Enabled
[    0.352706] pnp: PnP ACPI init
[    0.355149] pnp: PnP ACPI: found 3 devices
[    0.362867] clocksource: acpi_pm: mask: 0xffffff max_cycles: 0xffffff, max_idle_ns: 2085701024 ns
[    0.367130] NET: Registered protocol family 2
[    0.368914] IP idents hash table entries: 8192 (order: 4, 65536 bytes)
[    0.371476] TCP established hash table entries: 4096 (order: 3, 32768 bytes)
[    0.374363] TCP bind hash table entries: 4096 (order: 4, 65536 bytes)
[    0.376947] TCP: Hash tables configured (established 4096 bind 4096)
[    0.379126] UDP hash table entries: 256 (order: 1, 8192 bytes)
[    0.381397] UDP-Lite hash table entries: 256 (order: 1, 8192 bytes)
[    0.382907] NET: Registered protocol family 1
[    0.384375] pci 0000:00:00.0: Limiting direct PCI/PCI transfers
[    0.385837] pci 0000:00:01.0: Activating ISA DMA hang workarounds
[    0.387284] pci 0000:00:02.0: Video device with shadowed ROM at [mem 0x000c0000-0x000dffff]
[    0.390736] Unpacking initramfs...
[    0.819813] Freeing initrd memory: 19528K
[    0.821489] clocksource: tsc: mask: 0xffffffffffffffff max_cycles: 0x23fa79125d1, max_idle_ns: 440795329579 ns
[    0.825150] platform rtc_cmos: registered platform RTC device (no PNP device found)
[    0.827935] Scanning for low memory corruption every 60 seconds
[    0.830698] Initialise system trusted keyrings
[    0.832400] Key type blacklist registered
[    0.833943] workingset: timestamp_bits=36 max_order=17 bucket_order=0
[    0.837533] zbud: loaded
[    0.839104] squashfs: version 4.0 (2009/01/31) Phillip Lougher
[    0.841392] fuse init (API version 7.26)
[    0.843677] Key type asymmetric registered
[    0.845435] Asymmetric key parser 'x509' registered
[    0.847265] Block layer SCSI generic (bsg) driver version 0.4 loaded (major 246)
[    0.850070] io scheduler noop registered
[    0.851556] io scheduler deadline registered
[    0.853290] io scheduler cfq registered (default)
[    0.855291] ACPI: AC Adapter [AC] (on-line)
[    0.856930] input: Power Button as /devices/LNXSYSTM:00/LNXPWRBN:00/input/input0
[    0.859683] ACPI: Power Button [PWRF]
[    0.861202] input: Sleep Button as /devices/LNXSYSTM:00/LNXSLPBN:00/input/input1
[    0.863904] ACPI: Sleep Button [SLPF]
[    0.866599] ACPI: Battery Slot [BAT0] (battery present)
[    0.868653] Serial: 8250/16550 driver, 32 ports, IRQ sharing enabled
[    0.892467] 00:02: ttyS0 at I/O 0x3f8 (irq = 4, base_baud = 115200) is a 16550A
[    0.896593] Linux agpgart interface v0.103
[    0.899294] loop: module loaded
[    0.901080] scsi host0: ata_piix
[    0.902382] scsi host1: ata_piix
[    0.903656] ata1: PATA max UDMA/33 cmd 0x1f0 ctl 0x3f6 bmdma 0xd000 irq 14
[    0.906365] ata2: PATA max UDMA/33 cmd 0x170 ctl 0x376 bmdma 0xd008 irq 15
[    0.909290] libphy: Fixed MDIO Bus: probed
[    0.910652] tun: Universal TUN/TAP device driver, 1.6
[    0.912530] PPP generic driver version 2.4.2
[    0.913897] ehci_hcd: USB 2.0 'Enhanced' Host Controller (EHCI) Driver
[    0.915994] ehci-pci: EHCI PCI platform driver
[    0.917705] ehci-platform: EHCI generic platform driver
[    0.919716] ohci_hcd: USB 1.1 'Open' Host Controller (OHCI) Driver
[    0.921677] ohci-pci: OHCI PCI platform driver
[    0.923017] ohci-platform: OHCI generic platform driver
[    0.924516] uhci_hcd: USB Universal Host Controller Interface driver
[    0.926233] i8042: PNP: PS/2 Controller [PNP0303:PS2K,PNP0f03:PS2M] at 0x60,0x64 irq 1,12
[    0.929694] serio: i8042 KBD port at 0x60,0x64 irq 1
[    0.931878] serio: i8042 AUX port at 0x60,0x64 irq 12
[    0.934134] mousedev: PS/2 mouse device common for all mice
[    0.936202] input: AT Translated Set 2 keyboard as /devices/platform/i8042/serio0/input/input2
[    0.939581] rtc_cmos rtc_cmos: rtc core: registered rtc_cmos as rtc0
[    0.942032] rtc_cmos rtc_cmos: alarms up to one day, 114 bytes nvram
[    0.945099] i2c /dev entries driver
[    0.946567] device-mapper: uevent: version 1.0.3
[    0.948396] device-mapper: ioctl: 4.37.0-ioctl (2017-09-20) initialised: dm-devel@redhat.com
[    0.951555] ledtrig-cpu: registered to indicate activity on CPUs
[    0.953905] intel_pmc_core:  initialized
[    0.955449] NET: Registered protocol family 10
[    0.961235] Segment Routing with IPv6
[    0.962416] NET: Registered protocol family 17
[    0.963969] Key type dns_resolver registered
[    0.965833] mce: Using 0 MCE banks
[    0.967308] RAS: Correctable Errors collector initialized.
[    0.969572] sched_clock: Marking stable (969476465, 0)->(1235566047, -266089582)
[    0.972693] registered taskstats version 1
[    0.974339] Loading compiled-in X.509 certificates
[    0.979040] Loaded X.509 cert 'Build time autogenerated kernel key: ebed311aedd59d9a851620769f4a146e4e1d43c6'
[    0.983621] Loaded X.509 cert 'Canonical Ltd. Live Patch Signing: 14df34d1a87cf37625abec039ef2bf521249b969'
[    0.988061] Loaded X.509 cert 'Canonical Ltd. Kernel Module Signing: 88f752e560a1e0737e31163a466ad7b70a850c19'
[    0.991020] zswap: loaded using pool lzo/zbud
[    0.995364] Key type big_key registered
[    0.996413] Key type trusted registered
[    0.999059] Key type encrypted registered
[    1.000100] AppArmor: AppArmor sha1 policy hashing enabled
[    1.001583] ima: No TPM chip found, activating TPM-bypass! (rc=-19)
[    1.003199] ima: Allocated hash algorithm: sha1
[    1.004557] evm: HMAC attrs: 0x1
[    1.005734]   Magic number: 13:381:981
[    1.006789] rtc_cmos rtc_cmos: setting system clock to 2021-11-26 09:58:43 UTC (1637920723)
[    1.008937] BIOS EDD facility v0.16 2004-Jun-25, 0 devices found
[    1.010459] EDD information not available.
[    1.106905] Freeing unused kernel image memory: 2448K
[    1.118846] Write protecting the kernel read-only data: 20480k
[    1.124522] Freeing unused kernel image memory: 2008K
[    1.129983] Freeing unused kernel image memory: 1824K
[    1.150236] x86/mm: Checked W+X mappings: passed, no W+X pages found.
[    1.152190] x86/mm: Checking user space page tables
[    1.169805] x86/mm: Checked W+X mappings: passed, no W+X pages found.
Loading, please wait...
starting version 237
[    1.358424] e1000: Intel(R) PRO/1000 Network Driver - version 7.3.21-k8-NAPI
[    1.359958] e1000: Copyright (c) 1999-2006 Intel Corporation.
[    1.363932] Fusion MPT base driver 3.04.20
[    1.365030] Copyright (c) 1999-2008 LSI Corporation
[    1.378061] Fusion MPT SPI Host driver 3.04.20
[    1.406618] mptbase: ioc0: Initiating bringup
[    1.423331] AVX2 version of gcm_enc/dec engaged.
[    1.424599] AES CTR mode by8 optimization enabled
[    1.500593] ioc0: LSI53C1030 A0: Capabilities={Initiator}
[    1.578176] input: ImExPS/2 Generic Explorer Mouse as /devices/platform/i8042/serio1/input/input4
[    1.741509] scsi host2: ioc0: LSI53C1030 A0, FwRev=00000000h, Ports=1, MaxQ=256, IRQ=20
[    1.914291] scsi 2:0:0:0: Direct-Access     VBOX     HARDDISK         1.0  PQ: 0 ANSI: 5
[    1.917743] scsi target2:0:0: Beginning Domain Validation
[    1.921649] random: fast init done
[    1.923248] scsi target2:0:0: Domain Validation skipping write tests
[    1.926030] scsi target2:0:0: Ending Domain Validation
[    1.927657] scsi target2:0:0: asynchronous
[    1.930491] scsi 2:0:1:0: Direct-Access     VBOX     HARDDISK         1.0  PQ: 0 ANSI: 5
[    1.934560] scsi target2:0:1: Beginning Domain Validation
[    1.937252] scsi target2:0:1: Domain Validation skipping write tests
[    1.938923] scsi target2:0:1: Ending Domain Validation
[    1.940359] scsi target2:0:1: asynchronous
[    1.947506] random: systemd-udevd: uninitialized urandom read (16 bytes read)
[    1.955547] sd 2:0:0:0: [sda] 83886080 512-byte logical blocks: (42.9 GB/40.0 GiB)
[    1.958604] sd 2:0:0:0: Attached scsi generic sg0 type 0
[    1.960705] random: systemd-udevd: uninitialized urandom read (16 bytes read)
[    1.963539] sd 2:0:0:0: [sda] Write Protect is off
[    1.966650] sd 2:0:1:0: [sdb] 20480 512-byte logical blocks: (10.5 MB/10.0 MiB)
[    1.969576] sd 2:0:1:0: Attached scsi generic sg1 type 0
[    1.971538] sd 2:0:1:0: [sdb] Write Protect is off
[    1.973567] sd 2:0:0:0: [sda] Incomplete mode parameter data
[    1.976073] sd 2:0:0:0: [sda] Assuming drive cache: write through
[    1.979966] sd 2:0:1:0: [sdb] Incomplete mode parameter data
[    1.982000] sd 2:0:1:0: [sdb] Assuming drive cache: write through
[    1.988679] random: systemd-udevd: uninitialized urandom read (16 bytes read)
[    1.994727]  sda: sda1
[    1.996174] sd 2:0:1:0: [sdb] Attached SCSI disk
[    2.003273] sd 2:0:0:0: [sda] Attached SCSI disk
[    2.404382] e1000 0000:00:03.0 eth0: (PCI:33MHz:32-bit) 02:cd:4e:4c:89:5b
[    2.406259] e1000 0000:00:03.0 eth0: Intel(R) PRO/1000 Network Connection
[    2.409531] e1000 0000:00:03.0 enp0s3: renamed from eth0
Begin: Loading essential drivers ... [    4.252049] raid6: sse2x1   gen()  6613 MB/s
[    4.300128] raid6: sse2x1   xor()  4100 MB/s
[    4.348072] raid6: sse2x2   gen() 10246 MB/s
[    4.396085] raid6: sse2x2   xor()  7664 MB/s
[    4.444042] raid6: sse2x4   gen() 13550 MB/s
[    4.497069] raid6: sse2x4   xor()  8644 MB/s
[    4.544081] raid6: avx2x1   gen() 16602 MB/s
[    4.592054] raid6: avx2x1   xor() 11033 MB/s
[    4.640031] raid6: avx2x2   gen() 21476 MB/s
[    4.688049] raid6: avx2x2   xor() 14026 MB/s
[    4.736048] raid6: avx2x4   gen() 24023 MB/s
[    4.784157] raid6: avx2x4   xor() 16157 MB/s
[    4.785239] raid6: using algorithm avx2x4 gen() 24023 MB/s
[    4.786816] raid6: .... xor() 16157 MB/s, rmw enabled
[    4.788213] raid6: using avx2x2 recovery algorithm
[    4.791437] xor: automatically using best checksumming function   avx       
[    4.795089] async_tx: api initialized (async)
done.
Begin: Running /scripts/init-premount ... done.
Begin: Mounting root file system ... Begin: Running /scripts/local-top ... done.
Begin: Running /scripts/local-premount ... [    4.885619] Btrfs loaded, crc32c=crc32c-intel
Scanning for Btrfs filesystems
done.
Warning: fsck not present, so skipping root file system
[    4.942762] EXT4-fs (sda1): mounted filesystem with ordered data mode. Opts: (null)
done.
Begin: Running /scripts/local-bottom ... done.
Begin: Running /scripts/init-bottom ... done.
[    5.171713] ip_tables: (C) 2000-2006 Netfilter Core Team
[    5.185012] systemd[1]: systemd 237 running in system mode. (+PAM +AUDIT +SELINUX +IMA +APPARMOR +SMACK +SYSVINIT +UTMP +LIBCRYPTSETUP +GCRYPT +GNUTLS +ACL +XZ +LZ4 +SECCOMP +BLKID +ELFUTILS +KMOD -IDN2 +IDN -PCRE2 default-hierarchy=hybrid)
[    5.190396] systemd[1]: Detected virtualization oracle.
[    5.191696] systemd[1]: Detected architecture x86-64.

Welcome to [1mUbuntu 18.04.6 LTS[0m!

[    5.198396] systemd[1]: Set hostname to <ubuntu>.
[    5.202670] systemd[1]: Initializing machine ID from random generator.
[    5.204815] systemd[1]: Installed transient /etc/machine-id file.
[    5.572600] systemd[1]: Started Forward Password Requests to Wall Directory Watch.
[[0;32m  OK  [0m] Started Forward Password Requests to Wall Directory Watch.
[    5.576409] systemd[1]: Created slice User and Session Slice.
[[0;32m  OK  [0m] Created slice User and Session Slice.
[    5.579050] systemd[1]: Created slice System Slice.
[[0;32m  OK  [0m] Created slice System Slice.
[    5.593238] systemd[1]: Listening on Journal Socket.
[[0;32m  OK  [0m] Listening on Journal Socket.
         Starting Create list of required stâ€¦ce nodes for the current kernel...
[[0;32m  OK  [0m] Listening on Network Service Netlink Socket.
[[0;32m  OK  [0m] Reached target Slices.
[[0;32m  OK  [0m] Listening on fsck to fsckd communication Socket.
[[0;32m  OK  [0m] Listening on /dev/initctl Compatibility Named Pipe.
         Starting File System Check on Root Device...
         Mounting Kernel Debug File System...
         Starting Uncomplicated firewall...
[[0;32m  OK  [0m] Listening on udev Kernel Socket.
[[0;32m  OK  [0m] Reached target Swap.
[[0;32m  OK  [0m] Listening on Device-mapper event daemon FIFOs.
[[0;32m  OK  [0m] Listening on udev Control Socket.
         Starting udev Coldplug all Devices...
[[0;32m  OK  [0m] Set up automount Arbitrary Executabâ€¦rmats File System Automount Point.
[[0;32m  OK  [0m] Created slice system-serial\x2dgetty.slice.
         Mounting POSIX Message Queue File System...
         Starting Load Kernel Modules...
[[0;32m  OK  [0m] Listening on LVM2 poll daemon socket.
[[0;32m  OK  [0m] Reached target System Time Synchronized.
[[0;32m  OK  [0m] Reached target User and Group Name Lookups.
[[0;32m  OK  [0m] Listening on Syslog Socket.
[[0;32m  OK  [0m] Listening on Journal Socket (/dev/log).
[[0;32m  OK  [0m] Listening on Journal Audit Socket.
         Starting Journal Service...
         Mounting Huge Pages File System...
[[0;32m  OK  [0m] Listening on LVM2 metadata daemon socket.
         Starting Monitoring of LVM2 mirrorsâ€¦ng dmeventd or progress polling...
[    5.739395] Loading iSCSI transport class v2.0-870.
         Starting Set the console keyboard layout...
[[0;32m  OK  [0m] Started Create list of required staâ€¦vice nodes for the current kernel.
[[0;32m  OK  [0m] Started File System Check on Root Device.
[[0;32m  OK  [0m] Mounted Kernel Debug File System.
[[0;32m  OK  [0m] Started Uncomplicated firewall.
[[0;32m  OK  [0m] Mounted POSIX Message Queue File System.
[[0;32m  OK  [0m] Mounted Huge Pages File System.
[[0;32m  OK  [0m] Started File System Check Daemon to report status.
         Starting Remount Root and Kernel File Systems...
         Starting Create Static Device Nodes in /dev...
[    5.795337] iscsi: registered transport (tcp)
[[0;32m  OK  [0m] Started Journal Service.
[[0;32m  OK  [0m] Started LVM2 metadata daemon.
[[0;32m  OK  [0m] Started Create Static Device Nodes in /dev.
[[0;32m  OK  [0m] Started udev Coldplug all Devices.
[    5.924195] EXT4-fs (sda1): re-mounted. Opts: (null)
[[0;32m  OK  [0m] Started Remount Root and Kernel File Systems.
[    5.939824] iscsi: registered transport (iser)
         Starting Load/Save Random Seed...
         Starting udev Kernel Device Manager...
         Starting Flush Journal to Persistent Storage...
[[0;32m  OK  [0m] Started Load Kernel Modules.
[[0;32m  OK  [0m] Started Monitoring of LVM2 mirrors,â€¦sing dmeventd or progress polling.
[[0;32m  OK  [0m] Started Load/Save Random Seed.
         Mounting Kernel Configuration File System...
         Mounting FUSE Control File System...
         Starting Apply Kernel Variables...
[[0;32m  OK  [0m] Mounted Kernel Configuration File System.
[    6.043030] systemd-journald[395]: Received request to flush runtime journal from PID 1
[[0;32m  OK  [0m] Mounted FUSE Control File System.
[[0;32m  OK  [0m] Started udev Kernel Device Manager.
[[0;32m  OK  [0m] Started Apply Kernel Variables.
[[0;32m  OK  [0m] Started Flush Journal to Persistent Storage.
[[0;32m  OK  [0m] Started Set the console keyboard layout.
[[0;32m  OK  [0m] Started Dispatch Password Requests to Console Directory Watch.
[[0;32m  OK  [0m] Reached target Local Encrypted Volumes.
[[0;32m  OK  [0m] Reached target Local File Systems (Pre).
[[0;32m  OK  [0m] Reached target Local File Systems.
         Starting Set console font and keymap...
         Starting Commit a transient machine-id on disk...
         Starting AppArmor initialization...
         Starting Tell Plymouth To Write Out Runtime Data...
         Starting Create Volatile Files and Directories...
         Starting ebtables ruleset management...
[[0;32m  OK  [0m] Started Set console font and keymap.
[[0;32m  OK  [0m] Started Tell Plymouth To Write Out Runtime Data.
[[0;32m  OK  [0m] Started Commit a transient machine-id on disk.
[[0;32m  OK  [0m] Started Create Volatile Files and Directories.
         Starting Update UTMP about System Boot/Shutdown...
[[0;32m  OK  [0m] Started Update UTMP about System Boot/Shutdown.
[[0;32m  OK  [0m] Started ebtables ruleset management.
[[0;32m  OK  [0m] Found device /dev/ttyS0.
[[0;32m  OK  [0m] Listening on Load/Save RF Kill Switch Status /dev/rfkill Watch.
[[0;32m  OK  [0m] Started AppArmor initialization.
         Starting Load AppArmor profiles managed internally by snapd...
         Starting Initial cloud-init job (pre-networking)...
[[0;32m  OK  [0m] Started Load AppArmor profiles managed internally by snapd.
[   12.758571] cloud-init[575]: Cloud-init v. 21.3-1-g6803368d-0ubuntu1~18.04.4 running 'init-local' at Fri, 26 Nov 2021 09:58:54 +0000. Up 12.20 seconds.
[[0;32m  OK  [0m] Started Initial cloud-init job (pre-networking).
[[0;32m  OK  [0m] Reached target Network (Pre).
         Starting Network Service...
[[0;32m  OK  [0m] Started Network Service.
         Starting Wait for Network to be Configured...
         Starting Network Name Resolution...
[[0;32m  OK  [0m] Started Network Name Resolution.
[[0;32m  OK  [0m] Reached target Network.
[[0;32m  OK  [0m] Reached target Host and Network Name Lookups.
[[0;32m  OK  [0m] Started Wait for Network to be Configured.
         Starting Initial cloud-init job (metadata service crawler)...
[   15.025015] cloud-init[648]: Cloud-init v. 21.3-1-g6803368d-0ubuntu1~18.04.4 running 'init' at Fri, 26 Nov 2021 09:58:57 +0000. Up 14.78 seconds.
[   15.026798] cloud-init[648]: ci-info: ++++++++++++++++++++++++++++++++++++++Net device info++++++++++++++++++++++++++++++++++++++
[   15.028525] cloud-init[648]: ci-info: +--------+------+----------------------------+---------------+--------+-------------------+
[   15.029989] cloud-init[648]: ci-info: | Device |  Up  |          Address           |      Mask     | Scope  |     Hw-Address    |
[   15.032193] cloud-init[648]: ci-info: +--------+------+----------------------------+---------------+--------+-------------------+
[   15.034454] cloud-init[648]: ci-info: | enp0s3 | True |         10.0.2.15          | 255.255.255.0 | global | 02:cd:4e:4c:89:5b |
[   15.036144] cloud-init[648]: ci-info: | enp0s3 | True | fe80::cd:4eff:fe4c:895b/64 |       .       |  link  | 02:cd:4e:4c:89:5b |
[   15.037459] cloud-init[648]: ci-info: |   lo   | True |         127.0.0.1          |   255.0.0.0   |  host  |         .         |
[   15.040213] cloud-init[648]: ci-info: |   lo   | True |          ::1/128           |       .       |  host  |         .         |
[   15.042000] cloud-init[648]: ci-info: +--------+------+----------------------------+---------------+--------+-------------------+
[   15.044367] cloud-init[648]: ci-info: ++++++++++++++++++++++++++++Route IPv4 info+++++++++++++++++++++++++++++
[   15.056216] cloud-init[648]: ci-info: +-------+-------------+----------+-----------------+-----------+-------+
[   15.057258] cloud-init[648]: ci-info: | Route | Destination | Gateway  |     Genmask     | Interface | Flags |
[   15.058284] cloud-init[648]: ci-info: +-------+-------------+----------+-----------------+-----------+-------+
[   15.059716] cloud-init[648]: ci-info: |   0   |   0.0.0.0   | 10.0.2.2 |     0.0.0.0     |   enp0s3  |   UG  |
[   15.072272] cloud-init[648]: ci-info: |   1   |   10.0.2.0  | 0.0.0.0  |  255.255.255.0  |   enp0s3  |   U   |
[   15.073454] cloud-init[648]: ci-info: |   2   |   10.0.2.2  | 0.0.0.0  | 255.255.255.255 |   enp0s3  |   UH  |
[   15.084233] cloud-init[648]: ci-info: +-------+-------------+----------+-----------------+-----------+-------+
[   15.096255] cloud-init[648]: ci-info: +++++++++++++++++++Route IPv6 info+++++++++++++++++++
[   15.097317] cloud-init[648]: ci-info: +-------+-------------+---------+-----------+-------+
[   15.108336] cloud-init[648]: ci-info: | Route | Destination | Gateway | Interface | Flags |
[   15.109306] cloud-init[648]: ci-info: +-------+-------------+---------+-----------+-------+
[   15.110219] cloud-init[648]: ci-info: |   1   |  fe80::/64  |    ::   |   enp0s3  |   U   |
[   15.111347] cloud-init[648]: ci-info: |   3   |    local    |    ::   |   enp0s3  |   U   |
[   15.112491] cloud-init[648]: ci-info: |   4   |   ff00::/8  |    ::   |   enp0s3  |   U   |
[   15.113832] cloud-init[648]: ci-info: +-------+-------------+---------+-----------+-------+
[   15.978567] cloud-init[648]: Generating public/private rsa key pair.
[   15.980096] cloud-init[648]: Your identification has been saved in /etc/ssh/ssh_host_rsa_key.
[   15.981253] cloud-init[648]: Your public key has been saved in /etc/ssh/ssh_host_rsa_key.pub.
[   15.982345] cloud-init[648]: The key fingerprint is:
[   15.992258] cloud-init[648]: SHA256:X9SDzno4R6QXwSoxSyjmRCG39nuizDJIehIkrR4TJGE root@ubuntu-bionic
[   16.004393] cloud-init[648]: The key's randomart image is:
[   16.005554] cloud-init[648]: +---[RSA 2048]----+
[   16.013722] cloud-init[648]: |.E..+. .   ..    |
[   16.032506] cloud-init[648]: |o. o+.. +   .+   |
[   16.034121] cloud-init[648]: |o. +o. . + .= o  |
[   16.036397] cloud-init[648]: |.o....  o .* . . |
[   16.037951] cloud-init[648]: |o..   . S.. *    |
[   16.040364] cloud-init[648]: |o+     . . *     |
[   16.042052] cloud-init[648]: |+oo   o . = o    |
[   16.044294] cloud-init[648]: |+.+o . o   +     |
[   16.044953] cloud-init[648]: | o o+            |
[   16.048304] cloud-init[648]: +----[SHA256]-----+
[   16.049093] cloud-init[648]: Generating public/private dsa key pair.
[   16.060282] cloud-init[648]: Your identification has been saved in /etc/ssh/ssh_host_dsa_key.
[   16.061478] cloud-init[648]: Your public key has been saved in /etc/ssh/ssh_host_dsa_key.pub.
[   16.072264] cloud-init[648]: The key fingerprint is:
[   16.085035] cloud-init[648]: SHA256:lkI544cfUEUM7MVB/cdg3jB/eOec2cYbdYGluYMZNNU root@ubuntu-bionic
[[0;32m  OK  [0m] [   16.100279] cloud-init[648]: The key's randomart image is:
[   16.101437] cloud-init[648]: +---[DSA 1024]----+
[   16.102454] cloud-init[648]: |       .oB==..+. |
[   16.103434] cloud-initStarted Initial cloud-init job (metadata service crawler).
[[0;32m  OK  [0m] Reached target System Initialization.
[[0;32m  OK  [0m] Started Discard unused blocks once a week.
[[0;32m  OK  [0m] Listening on cloud-init hotplug hook socket.
[[0;32m  OK  [0m] Listening on UUID daemon activation socket.
         Starting Socket activation for snappy daemon.
[[0;32m  OK  [0m] Started Ubuntu Advantage Timer for running repeated jobs.
[[0;32m  OK  [0m] Listening on D-Bus System Message Bus Socket.
[[0;32m  OK  [0m] Listening on ACPID Listen Socket.
[[0;32m  OK  [0m] Listening on Open-iSCSI iscsid Socket.
[648]: |       o. = o.BE |
[   16.129499] cloud-init[648]: |      *. . . * O.|
[[0;32m  OK  [0m] Started Trigger to poll for Ubuntu â€¦(Only enabled on GCP LTS non-pro).[   16.133416] cloud-init[648]: |     o =..  + = @|
[   16.134622] cloud-init[648]: |      + S  o o *O|
[   16.135503] cloud-init[648]: |       = .    .+*|

[[0;32m  OK  [0m] Started Daily Cleanup of Temporary Directories.
[[0;32m  OK  [0m] Started Message of the Day.
[   16.140253]          Starting LXD - unix socket.
cloud-init[648]: |        .      .o|
[[0;32m  OK  [0m] Started Daily apt download activities.
[[0;32m  OK  [0m] Started Daily apt upgrade and clean activities.
[   16.154732] cloud-init[648]: |               . |
[[0;32m  OK  [0m] Reached target Timers.
[[0;32m  OK  [0m] Started ACPI Events Check.
[[0;32m  OK  [0m] Reached target Paths.
[[0;32m  OK  [0m] Reached target Network is Online.
[   16.168419]          Starting Availability of block devices...
[[0;32m  OK  [0m] Reached target Remote File Systems (Pre).
[cloud-init[648]: |                 |
[   16.173026] cloud-init[648]: +----[SHA256]-----+
[   16.174052] cloud-init[648]: Generating public/private ecdsa key pair.
[   16.175383] cloud-init[648]: Your identification has been saved in /etc/ssh/ssh_host_ecdsa_key.[0;32m  OK  [0m] Reached target Remote File Systems.
[[0;32m  OK  [0m] Reached target Cloud-config availability.
[[0;32m  OK  [0m] Listening on Socket activation for snappy daemon.
[[0;32m  OK  [0m] Listening on LXD - unix socket.
[[0;32m  OK  [0m] Reached target Sockets.
[[0;32m  OK  [0m] Reached target Basic System.
[[0;32m  OK  [0m] Started Regular background program processing daemon.

[   16.195250] cloud-init[648]: Your public key has been saved in /etc/ssh/ssh_host_ecdsa_key.pub.         Starting Virtualbox guest utils...
[[0;32m  OK  [0m
] Started irqbalance daemon.
[   16.206380] [[0;32m  OK  [0m] Started Deferred execution scheduler.
cloud-init[648]: The key fingerprint is:
[   16.215397] [[0;32m  OK  [0m] Started FUSE filesystem for LXC.
cloud-init[648]: SHA256:Irrkch1IUUCF2bKwc51z+PKROO5b96oTKT9yWvuu2xc root@ubuntu-bionic         Starting LXD - container startup/shutdown...

         Starting Accounts Service...
[   16.240683]          Starting Pollinate to seed the pseudo random number generator...
         Starting LSB: automatic crash report generation...
cloud-init[648]: The key's randomart image is:
[   16.251658] cloud-init         Starting LSB: Record successful boot for GRUB...
[648]: +---[ECDSA 256]---+
[[0;32m  OK  [0m] Started D-Bus System Message Bus.
[   16.268998] cloud-init[648]: | .oBo            |
[   16.274716] cloud-init[648]: |. = .            |
[   16.276273] cloud-init[648]: | o = o           |
[   16.277112] cloud-init[648]: |o + = .          |
[   16.279173] cloud-init[648]: | + ..=.oS        |
[   16.280064] cloud-init[648]: |  ..*.*.  E      |
[   16.281255] cloud-init[648]: |  oo Boo.  .     |
[   16.281950] cloud-init[648]: |.o..+o*+ ..      |
[   16.285055] cloud-init[648]: | oo.+==O=o.      |
[   16.296812] cloud-init[648]: +----[SHA256]-----+
[   16.300282] cloud-init[648]: Generating public/private ed25519 key pair.
[   16.307885] cloud-init[648]: Your identification has been saved in /etc/ssh/ssh_host_ed25519_key.
[   16.321037] cloud-init[648]: Your public key has been saved in /etc/ssh/ssh_host_ed25519_key.pub.
[   16.329906] cloud-init[648]: The key fingerprint is:
[   16.342064] cloud-init[648]: SHA256:7j4P3IJc8mKho4P6BLkAH5sI9uqQwwOHy0lbhvkEG0w root@ubuntu-bionic
[   16.348194] cloud-init[648]: The key's randomart image is:
[   16.363399] cloud-init[648]: +--[ED25519 256]--+
[   16.371039] cloud-init[648]: | E               |
[   16.383672] cloud-init[648]: |o                |
[   16.390047] cloud-init[648]: |o=.              |
[   16.392814] cloud-init[648]: |+=B+             |
[   16.398499] cloud-init[648]: |B===  o S        |
[   16.402182] cloud-init[648]: |**O  o O .       |
[   16.407495] cloud-init[648]: |*O..o = * .      |
[   16.411685] cloud-init[648]: |+oo. o o.o       |
[   16.426094] cloud-init[648]: |ooo.   .oo.      |
[   16.430438] cloud-init[648]: +----[SHA256]-----+
         Starting System Logging Service...
         Starting Permit User Sessions...
         Starting Login Service...
         Starting Dispatcher daemon for systemd-networkd...
         Starting Snap Daemon...
[[0;32m  OK  [0m] Started System Logging Service.
[[0;32m  OK  [0m] Started Availability of block devices.
[[0;32m  OK  [0m] Started Permit User Sessions.
[[0;32m  OK  [0m] Started LXD - container startup/shutdown.
[[0;32m  OK  [0m] Started Login Service.
[[0;32m  OK  [0m] Started Unattended Upgrades Shutdown.
         Starting Authorization Manager...
         Starting Terminate Plymouth Boot Screen...
         Starting Hold until boot process finishes up...
[[0;32m  OK  [0m] Started Terminate Plymouth Boot Screen.
[[0;32m  OK  [0m] Started Hold until boot process finishes up.
         Starting Set console scheme...
[[0;32m  OK  [0m] Started Serial Getty on ttyS0.
[[0;32m  OK  [0m] Started Set console scheme.
[[0;32m  OK  [0m] Created slice system-getty.slice.
[[0;32m  OK  [0m] Started Getty on tty1.
[[0;32m  OK  [0m] Reached target Login Prompts.
[[0;32m  OK  [0m] Started LSB: automatic crash report generation.
[[0;32m  OK  [0m] Started LSB: Record successful boot for GRUB.
[[0;32m  OK  [0m] Started Authorization Manager.
[[0;32m  OK  [0m] Started Accounts Service.
[[0;32m  OK  [0m] Started Virtualbox guest utils.
[[0;32m  OK  [0m] Started Dispatcher daemon for systemd-networkd.
[[0;32m  OK  [0m] Started Snap Daemon.
         Starting Wait until snapd is fully seeded...
[[0;32m  OK  [0m] Started Wait until snapd is fully seeded.
         Starting Apply the settings specified in cloud-config...
[[0;32m  OK  [0m] Started Pollinate to seed the pseudo random number generator.
         Starting OpenBSD Secure Shell server...
[[0;32m  OK  [0m] Started OpenBSD Secure Shell server.
[[0;32m  OK  [0m] Reached target Multi-User System.
[[0;32m  OK  [0m] Reached target Graphical Interface.
         Starting Update UTMP about System Runlevel Changes...
[[0;32m  OK  [0m] Started Update UTMP about System Runlevel Changes.
[[0;32m  OK  [0m] Created slice User Slice of vagrant.
         Starting User Manager for UID 1000...
[[0;32m  OK  [0m] Started Session 1 of user vagrant.
[[0;32m  OK  [0m] Started User Manager for UID 1000.
[   21.504250] cloud-init[954]: Cloud-init v. 21.3-1-g6803368d-0ubuntu1~18.04.4 running 'modules:config' at Fri, 26 Nov 2021 09:59:02 +0000. Up 20.32 seconds.
[[0;32m  OK  [0m] Started Apply the settings specified in cloud-config.
         Starting Execute cloud user/final scripts...

Ubuntu 18.04.6 LTS ubuntu-bionic ttyS0

ubuntu-bionic login: ci-info: no authorized SSH keys fingerprints found for user ubuntu.
<14>Nov 26 09:59:07 cloud-init: #############################################################
<14>Nov 26 09:59:07 cloud-init: -----BEGIN SSH HOST KEY FINGERPRINTS-----
<14>Nov 26 09:59:07 cloud-init: 1024 SHA256:lkI544cfUEUM7MVB/cdg3jB/eOec2cYbdYGluYMZNNU root@ubuntu-bionic (DSA)
<14>Nov 26 09:59:07 cloud-init: 256 SHA256:Irrkch1IUUCF2bKwc51z+PKROO5b96oTKT9yWvuu2xc root@ubuntu-bionic (ECDSA)
<14>Nov 26 09:59:07 cloud-init: 256 SHA256:7j4P3IJc8mKho4P6BLkAH5sI9uqQwwOHy0lbhvkEG0w root@ubuntu-bionic (ED25519)
<14>Nov 26 09:59:07 cloud-init: 2048 SHA256:X9SDzno4R6QXwSoxSyjmRCG39nuizDJIehIkrR4TJGE root@ubuntu-bionic (RSA)
<14>Nov 26 09:59:07 cloud-init: -----END SSH HOST KEY FINGERPRINTS-----
<14>Nov 26 09:59:07 cloud-init: #############################################################
-----BEGIN SSH HOST KEY KEYS-----
ecdsa-sha2-nistp256 AAAAE2VjZHNhLXNoYTItbmlzdHAyNTYAAAAIbmlzdHAyNTYAAABBBDXvsIPHGL3yKm4h68CyBmBt2cCk8mRd0LSd6UZ6dK5Z/ReFvwm0Pc9dh48KBPE7FdZw+emerYQX+eTnwR7EsKg= root@ubuntu-bionic
ssh-ed25519 AAAAC3NzaC1lZDI1NTE5AAAAIPkagKUy64HsUmlEk18kV3ezd1AVe71ZUbvxQHTibWWJ root@ubuntu-bionic
ssh-rsa AAAAB3NzaC1yc2EAAAADAQABAAABAQCqF7woMoenWIVqIpnNlA04qIUj5l953qfbN73NgSu/mgyC5uJ7aNERuOJ6Ad1dGKm8c9ZdvhwH8qdcH4WB9mpXlQFa9ZVeGcqwkDicBl9jfmPs3IPUn1E8HNq04WAOjFNVQIouEgTPncFVXrx6jW85UfyX5IWhjJ8Eo5fy5T5a7e3Cxjr00w23rp3ri+lM7WFDYO7lp76wdyg1C0qyfPB8qhgKRD9u9sOIY1kwiXSUOsQ1YWDK+yrWgHtK+2/VfTpXuMs8To2Or1oSC3+vlHfxIWGvQivieY4Cp9IgRt3kcdKdDlGqJxP9pO+g6jHTvmBpQ5LBBpEYMS94puY747GJ root@ubuntu-bionic
-----END SSH HOST KEY KEYS-----
[   24.775615] cloud-init[1088]: Cloud-init v. 21.3-1-g6803368d-0ubuntu1~18.04.4 running 'modules:final' at Fri, 26 Nov 2021 09:59:05 +0000. Up 23.45 seconds.
[   24.796553] cloud-init[1088]: ci-info: no authorized SSH keys fingerprints found for user ubuntu.
[   24.813732] cloud-init[1088]: Cloud-init v. 21.3-1-g6803368d-0ubuntu1~18.04.4 finished at Fri, 26 Nov 2021 09:59:07 +0000. Datasource DataSourceNoCloud [seed=/dev/sdb][dsmode=net].  Up 24.73 seconds
