[    0.000000] Linux version 4.15.0-159-generic (buildd@lgw01-amd64-055) (gcc version 7.5.0 (Ubuntu 7.5.0-3ubuntu1~18.04)) #167-Ubuntu SMP Tue Sep 21 08:55:05 UTC 2021 (Ubuntu 4.15.0-159.167-generic 4.15.18)
[    0.000000] Command line: BOOT_IMAGE=/boot/vmlinuz-4.15.0-159-generic root=LABEL=cloudimg-rootfs ro console=tty1 console=ttyS0
[    0.000000] KERNEL supported cpus:
[    0.000000]   Intel GenuineIntel
[    0.000000]   AMD AuthenticAMD
[    0.000000]   Centaur CentaurHauls
[    0.000000] [Firmware Bug]: TSC doesn't count with P0 frequency!
[    0.000000] x86/fpu: Supporting XSAVE feature 0x001: 'x87 floating point registers'
[    0.000000] x86/fpu: Supporting XSAVE feature 0x002: 'SSE registers'
[    0.000000] x86/fpu: Supporting XSAVE feature 0x004: 'AVX registers'
[    0.000000] x86/fpu: xstate_offset[2]:  576, xstate_sizes[2]:  256
[    0.000000] x86/fpu: Enabled xstate features 0x7, context size is 832 bytes, using 'standard' format.
[    0.000000] e820: BIOS-provided physical RAM map:
[    0.000000] BIOS-e820: [mem 0x0000000000000000-0x000000000009fbff] usable
[    0.000000] BIOS-e820: [mem 0x000000000009fc00-0x000000000009ffff] reserved
[    0.000000] BIOS-e820: [mem 0x00000000000f0000-0x00000000000fffff] reserved
[    0.000000] BIOS-e820: [mem 0x0000000000100000-0x000000001ffeffff] usable
[    0.000000] BIOS-e820: [mem 0x000000001fff0000-0x000000001fffffff] ACPI data
[    0.000000] BIOS-e820: [mem 0x00000000fec00000-0x00000000fec00fff] reserved
[    0.000000] BIOS-e820: [mem 0x00000000fee00000-0x00000000fee00fff] reserved
[    0.000000] BIOS-e820: [mem 0x00000000fffc0000-0x00000000ffffffff] reserved
[    0.000000] NX (Execute Disable) protection: active
[    0.000000] SMBIOS 2.5 present.
[    0.000000] DMI: innotek GmbH VirtualBox/VirtualBox, BIOS VirtualBox 12/01/2006
[    0.000000] Hypervisor detected: KVM
[    0.000000] e820: last_pfn = 0x1fff0 max_arch_pfn = 0x400000000
[    0.000000] MTRR: Disabled
[    0.000000] x86/PAT: MTRRs disabled, skipping PAT initialization too.
[    0.000000] CPU MTRRs all blank - virtualized system.
[    0.000000] x86/PAT: Configuration [0-7]: WB  WT  UC- UC  WB  WT  UC- UC  
[    0.000000] found SMP MP-table at [mem 0x0009fff0-0x0009ffff]
[    0.000000] Scanning 1 areas for low memory corruption
[    0.000000] RAMDISK: [mem 0x1db28000-0x1ee39fff]
[    0.000000] ACPI: Early table checksum verification disabled
[    0.000000] ACPI: RSDP 0x00000000000E0000 000024 (v02 VBOX  )
[    0.000000] ACPI: XSDT 0x000000001FFF0030 00003C (v01 VBOX   VBOXXSDT 00000001 ASL  00000061)
[    0.000000] ACPI: FACP 0x000000001FFF00F0 0000F4 (v04 VBOX   VBOXFACP 00000001 ASL  00000061)
[    0.000000] ACPI: DSDT 0x000000001FFF0470 002325 (v02 VBOX   VBOXBIOS 00000002 INTL 20100528)
[    0.000000] ACPI: FACS 0x000000001FFF0200 000040
[    0.000000] ACPI: FACS 0x000000001FFF0200 000040
[    0.000000] ACPI: APIC 0x000000001FFF0240 000054 (v02 VBOX   VBOXAPIC 00000001 ASL  00000061)
[    0.000000] ACPI: SSDT 0x000000001FFF02A0 0001CC (v01 VBOX   VBOXCPUT 00000002 INTL 20100528)
[    0.000000] ACPI: Reserving FACP table memory at [mem 0x1fff00f0-0x1fff01e3]
[    0.000000] ACPI: Reserving DSDT table memory at [mem 0x1fff0470-0x1fff2794]
[    0.000000] ACPI: Reserving FACS table memory at [mem 0x1fff0200-0x1fff023f]
[    0.000000] ACPI: Reserving FACS table memory at [mem 0x1fff0200-0x1fff023f]
[    0.000000] ACPI: Reserving APIC table memory at [mem 0x1fff0240-0x1fff0293]
[    0.000000] ACPI: Reserving SSDT table memory at [mem 0x1fff02a0-0x1fff046b]
[    0.000000] No NUMA configuration found
[    0.000000] Faking a node at [mem 0x0000000000000000-0x000000001ffeffff]
[    0.000000] NODE_DATA(0) allocated [mem 0x1ffc5000-0x1ffeffff]
[    0.000000] kvm-clock: cpu 0, msr 0:1ff44001, primary cpu clock
[    0.000000] kvm-clock: Using msrs 4b564d01 and 4b564d00
[    0.000000] kvm-clock: using sched offset of 3296381944 cycles
[    0.000000] clocksource: kvm-clock: mask: 0xffffffffffffffff max_cycles: 0x1cd42e4dffb, max_idle_ns: 881590591483 ns
[    0.000000] Zone ranges:
[    0.000000]   DMA      [mem 0x0000000000001000-0x0000000000ffffff]
[    0.000000]   DMA32    [mem 0x0000000001000000-0x000000001ffeffff]
[    0.000000]   Normal   empty
[    0.000000]   Device   empty
[    0.000000] Movable zone start for each node
[    0.000000] Early memory node ranges
[    0.000000]   node   0: [mem 0x0000000000001000-0x000000000009efff]
[    0.000000]   node   0: [mem 0x0000000000100000-0x000000001ffeffff]
[    0.000000] Reserved but unavailable: 104 pages
[    0.000000] Initmem setup node 0 [mem 0x0000000000001000-0x000000001ffeffff]
[    0.000000] ACPI: PM-Timer IO Port: 0x4008
[    0.000000] IOAPIC[0]: apic_id 1, version 32, address 0xfec00000, GSI 0-23
[    0.000000] ACPI: INT_SRC_OVR (bus 0 bus_irq 0 global_irq 2 dfl dfl)
[    0.000000] ACPI: INT_SRC_OVR (bus 0 bus_irq 9 global_irq 9 low level)
[    0.000000] Using ACPI (MADT) for SMP configuration information
[    0.000000] smpboot: Allowing 1 CPUs, 0 hotplug CPUs
[    0.000000] PM: Registered nosave memory: [mem 0x00000000-0x00000fff]
[    0.000000] PM: Registered nosave memory: [mem 0x0009f000-0x0009ffff]
[    0.000000] PM: Registered nosave memory: [mem 0x000a0000-0x000effff]
[    0.000000] PM: Registered nosave memory: [mem 0x000f0000-0x000fffff]
[    0.000000] e820: [mem 0x20000000-0xfebfffff] available for PCI devices
[    0.000000] Booting paravirtualized kernel on KVM
[    0.000000] clocksource: refined-jiffies: mask: 0xffffffff max_cycles: 0xffffffff, max_idle_ns: 7645519600211568 ns
[    0.000000] random: get_random_bytes called from start_kernel+0x99/0x500 with crng_init=0
[    0.000000] setup_percpu: NR_CPUS:8192 nr_cpumask_bits:1 nr_cpu_ids:1 nr_node_ids:1
[    0.000000] percpu: Embedded 45 pages/cpu s147456 r8192 d28672 u2097152
[    0.000000] PV qspinlock hash table entries: 256 (order: 0, 4096 bytes)
[    0.000000] Built 1 zonelists, mobility grouping on.  Total pages: 128889
[    0.000000] Policy zone: DMA32
[    0.000000] Kernel command line: BOOT_IMAGE=/boot/vmlinuz-4.15.0-159-generic root=LABEL=cloudimg-rootfs ro console=tty1 console=ttyS0
[    0.000000] Memory: 466792K/523832K available (12300K kernel code, 2483K rwdata, 4320K rodata, 2448K init, 2724K bss, 57040K reserved, 0K cma-reserved)
[    0.000000] SLUB: HWalign=64, Order=0-3, MinObjects=0, CPUs=1, Nodes=1
[    0.000000] ftrace: allocating 39471 entries in 155 pages
[    0.004000] Hierarchical RCU implementation.
[    0.004000] 	RCU restricting CPUs from NR_CPUS=8192 to nr_cpu_ids=1.
[    0.004000] 	Tasks RCU enabled.
[    0.004000] RCU: Adjusting geometry for rcu_fanout_leaf=16, nr_cpu_ids=1
[    0.004000] NR_IRQS: 524544, nr_irqs: 256, preallocated irqs: 16
[    0.004000] Console: colour VGA+ 80x25
[    0.004000] console [tty1] enabled
[    0.004000] console [ttyS0] enabled
[    0.004000] ACPI: Core revision 20170831
[    0.004000] ACPI: 2 ACPI AML tables successfully acquired and loaded
[    0.004000] APIC: Switch to symmetric I/O mode setup
[    0.004000] x2apic enabled
[    0.004000] Switched APIC routing to physical x2apic.
[    0.004000] ..TIMER: vector=0x30 apic1=0 pin1=2 apic2=-1 pin2=-1
[    0.004000] tsc: Detected 3593.250 MHz processor
[    0.004000] Calibrating delay loop (skipped) preset value.. 7186.50 BogoMIPS (lpj=14373000)
[    0.004004] pid_max: default: 32768 minimum: 301
[    0.004532] Security Framework initialized
[    0.004977] Yama: becoming mindful.
[    0.005380] AppArmor: AppArmor initialized
[    0.005878] Dentry cache hash table entries: 65536 (order: 7, 524288 bytes)
[    0.006607] Inode-cache hash table entries: 32768 (order: 6, 262144 bytes)
[    0.007364] Mount-cache hash table entries: 1024 (order: 1, 8192 bytes)
[    0.008003] Mountpoint-cache hash table entries: 1024 (order: 1, 8192 bytes)
[    0.009006] CPU0: Hyper-Threading is disabled
[    0.009524] Last level iTLB entries: 4KB 1024, 2MB 1024, 4MB 512
[    0.010275] Last level dTLB entries: 4KB 2048, 2MB 2048, 4MB 1024, 1GB 0
[    0.011046] Spectre V1 : Mitigation: usercopy/swapgs barriers and __user pointer sanitization
[    0.012002] Spectre V2 : Spectre mitigation: LFENCE not serializing, switching to generic retpoline
[    0.012984] Spectre V2 : Mitigation: Full generic retpoline
[    0.013588] Spectre V2 : Spectre v2 / SpectreRSB mitigation: Filling RSB on context switch
[    0.014453] Speculative Store Bypass: Mitigation: Speculative Store Bypass disabled via prctl and seccomp
[    0.019983] Freeing SMP alternatives memory: 36K
[    0.129804] smpboot: CPU0: AMD Ryzen 5 3600 6-Core Processor (family: 0x17, model: 0x71, stepping: 0x0)
[    0.131012] Performance Events: PMU not available due to virtualization, using software events only.
[    0.132000] Hierarchical SRCU implementation.
[    0.132000] NMI watchdog: Perf event create on CPU 0 failed with -2
[    0.132001] NMI watchdog: Perf NMI watchdog permanently disabled
[    0.132742] smp: Bringing up secondary CPUs ...
[    0.133301] smp: Brought up 1 node, 1 CPU
[    0.133783] smpboot: Max logical packages: 1
[    0.134355] smpboot: Total of 1 processors activated (7186.50 BogoMIPS)
[    0.135196] devtmpfs: initialized
[    0.135642] x86/mm: Memory block size: 128MB
[    0.136080] evm: security.selinux
[    0.136490] evm: security.SMACK64
[    0.136901] evm: security.SMACK64EXEC
[    0.137353] evm: security.SMACK64TRANSMUTE
[    0.137856] evm: security.SMACK64MMAP
[    0.138295] evm: security.apparmor
[    0.138718] evm: security.ima
[    0.139099] evm: security.capability
[    0.139596] clocksource: jiffies: mask: 0xffffffff max_cycles: 0xffffffff, max_idle_ns: 7645041785100000 ns
[    0.140004] futex hash table entries: 256 (order: 2, 16384 bytes)
[    0.140725] pinctrl core: initialized pinctrl subsystem
[    0.141395] RTC time: 13:14:43, date: 12/20/21
[    0.142023] NET: Registered protocol family 16
[    0.142591] audit: initializing netlink subsys (disabled)
[    0.144075] cpuidle: using governor ladder
[    0.144578] cpuidle: using governor menu
[    0.145236] ACPI: bus type PCI registered
[    0.145727] acpiphp: ACPI Hot Plug PCI Controller Driver version: 0.5
[    0.146522] PCI: Using configuration type 1 for base access
[    0.147217] PCI: Using configuration type 1 for extended access
[    0.148039] audit: type=2000 audit(1640006088.083:1): state=initialized audit_enabled=0 res=1
[    0.149743] HugeTLB registered 2.00 MiB page size, pre-allocated 0 pages
[    0.150618] ACPI: Added _OSI(Module Device)
[    0.151111] ACPI: Added _OSI(Processor Device)
[    0.151623] ACPI: Added _OSI(3.0 _SCP Extensions)
[    0.152004] ACPI: Added _OSI(Processor Aggregator Device)
[    0.152591] ACPI: Added _OSI(Linux-Dell-Video)
[    0.153077] ACPI: Added _OSI(Linux-Lenovo-NV-HDMI-Audio)
[    0.153693] ACPI: Added _OSI(Linux-HPI-Hybrid-Graphics)
[    0.154890] ACPI: Executed 1 blocks of module-level executable AML code
[    0.158134] ACPI: Interpreter enabled
[    0.158620] ACPI: (supports S0 S5)
[    0.159033] ACPI: Using IOAPIC for interrupt routing
[    0.159857] PCI: Using host bridge windows from ACPI; if necessary, use "pci=nocrs" and report a bug
[    0.160142] ACPI: Enabled 2 GPEs in block 00 to 07
[    0.165458] ACPI: PCI Root Bridge [PCI0] (domain 0000 [bus 00-ff])
[    0.166204] acpi PNP0A03:00: _OSC: OS supports [ExtendedConfig ASPM ClockPM Segments MSI]
[    0.168662] acpi PNP0A03:00: _OSC: platform does not support [PCIeCapability]
[    0.169825] acpi PNP0A03:00: _OSC: not requesting control; platform does not support [PCIeCapability]
[    0.170818] acpi PNP0A03:00: _OSC: OS requested [PCIeHotplug PME AER PCIeCapability]
[    0.171676] acpi PNP0A03:00: _OSC: platform willing to grant [PCIeHotplug PME AER]
[    0.172004] acpi PNP0A03:00: _OSC failed (AE_SUPPORT); disabling ASPM
[    0.172979] PCI host bridge to bus 0000:00
[    0.173479] pci_bus 0000:00: root bus resource [io  0x0000-0x0cf7 window]
[    0.174221] pci_bus 0000:00: root bus resource [io  0x0d00-0xffff window]
[    0.176004] pci_bus 0000:00: root bus resource [mem 0x000a0000-0x000bffff window]
[    0.176895] pci_bus 0000:00: root bus resource [mem 0x20000000-0xfdffffff window]
[    0.177694] pci_bus 0000:00: root bus resource [bus 00-ff]
[    0.179648] pci 0000:00:01.1: legacy IDE quirk: reg 0x10: [io  0x01f0-0x01f7]
[    0.180004] pci 0000:00:01.1: legacy IDE quirk: reg 0x14: [io  0x03f6]
[    0.180697] pci 0000:00:01.1: legacy IDE quirk: reg 0x18: [io  0x0170-0x0177]
[    0.181472] pci 0000:00:01.1: legacy IDE quirk: reg 0x1c: [io  0x0376]
[    0.187594] pci 0000:00:07.0: quirk: [io  0x4000-0x403f] claimed by PIIX4 ACPI
[    0.188011] pci 0000:00:07.0: quirk: [io  0x4100-0x410f] claimed by PIIX4 SMB
[    0.190869] ACPI: PCI Interrupt Link [LNKA] (IRQs 5 9 10 *11)
[    0.192061] ACPI: PCI Interrupt Link [LNKB] (IRQs 5 9 *10 11)
[    0.192745] ACPI: PCI Interrupt Link [LNKC] (IRQs 5 *9 10 11)
[    0.193451] ACPI: PCI Interrupt Link [LNKD] (IRQs 5 9 10 *11)
[    0.194287] SCSI subsystem initialized
[    0.194968] pci 0000:00:02.0: vgaarb: setting as boot VGA device
[    0.195842] pci 0000:00:02.0: vgaarb: VGA device added: decodes=io+mem,owns=io+mem,locks=none
[    0.196005] pci 0000:00:02.0: vgaarb: bridge control possible
[    0.196791] vgaarb: loaded
[    0.197244] ACPI: bus type USB registered
[    0.197865] usbcore: registered new interface driver usbfs
[    0.198645] usbcore: registered new interface driver hub
[    0.200013] usbcore: registered new device driver usb
[    0.200838] EDAC MC: Ver: 3.0.0
[    0.201417] PCI: Using ACPI for IRQ routing
[    0.202052] NetLabel: Initializing
[    0.202447] NetLabel:  domain hash size = 128
[    0.202986] NetLabel:  protocols = UNLABELED CIPSOv4 CALIPSO
[    0.204011] NetLabel:  unlabeled traffic allowed by default
[    0.204692] clocksource: Switched to clocksource kvm-clock
[    0.224657] VFS: Disk quotas dquot_6.6.0
[    0.225255] VFS: Dquot-cache hash table entries: 512 (order 0, 4096 bytes)
[    0.226171] AppArmor: AppArmor Filesystem Enabled
[    0.226798] pnp: PnP ACPI init
[    0.227959] pnp: PnP ACPI: found 3 devices
[    0.233667] clocksource: acpi_pm: mask: 0xffffff max_cycles: 0xffffff, max_idle_ns: 2085701024 ns
[    0.234803] NET: Registered protocol family 2
[    0.235355] IP idents hash table entries: 8192 (order: 4, 65536 bytes)
[    0.236227] TCP established hash table entries: 4096 (order: 3, 32768 bytes)
[    0.237090] TCP bind hash table entries: 4096 (order: 4, 65536 bytes)
[    0.237878] TCP: Hash tables configured (established 4096 bind 4096)
[    0.238584] UDP hash table entries: 256 (order: 1, 8192 bytes)
[    0.239211] UDP-Lite hash table entries: 256 (order: 1, 8192 bytes)
[    0.239906] NET: Registered protocol family 1
[    0.240445] pci 0000:00:00.0: Limiting direct PCI/PCI transfers
[    0.241078] pci 0000:00:01.0: Activating ISA DMA hang workarounds
[    0.241848] pci 0000:00:02.0: Video device with shadowed ROM at [mem 0x000c0000-0x000dffff]
[    0.242923] Unpacking initramfs...
[    0.555278] Freeing initrd memory: 19528K
[    0.555859] clocksource: tsc: mask: 0xffffffffffffffff max_cycles: 0x33cb6addeae, max_idle_ns: 440795225061 ns
[    0.557277] platform rtc_cmos: registered platform RTC device (no PNP device found)
[    0.558229] Scanning for low memory corruption every 60 seconds
[    0.559286] Initialise system trusted keyrings
[    0.559877] Key type blacklist registered
[    0.560442] workingset: timestamp_bits=36 max_order=17 bucket_order=0
[    0.563774] zbud: loaded
[    0.564455] squashfs: version 4.0 (2009/01/31) Phillip Lougher
[    0.565228] fuse init (API version 7.26)
[    0.566167] Key type asymmetric registered
[    0.566671] Asymmetric key parser 'x509' registered
[    0.567274] Block layer SCSI generic (bsg) driver version 0.4 loaded (major 246)
[    0.568138] io scheduler noop registered
[    0.568728] io scheduler deadline registered
[    0.569289] io scheduler cfq registered (default)
[    0.570006] ACPI: AC Adapter [AC] (on-line)
[    0.570541] input: Power Button as /devices/LNXSYSTM:00/LNXPWRBN:00/input/input0
[    0.571410] ACPI: Power Button [PWRF]
[    0.571954] input: Sleep Button as /devices/LNXSYSTM:00/LNXSLPBN:00/input/input1
[    0.572924] ACPI: Sleep Button [SLPF]
[    0.573493] Serial: 8250/16550 driver, 32 ports, IRQ sharing enabled
[    0.594766] 00:02: ttyS0 at I/O 0x3f8 (irq = 4, base_baud = 115200) is a 16550A
[    0.596566] Linux agpgart interface v0.103
[    0.597639] loop: module loaded
[    0.598319] scsi host0: ata_piix
[    0.598748] scsi host1: ata_piix
[    0.599177] ata1: PATA max UDMA/33 cmd 0x1f0 ctl 0x3f6 bmdma 0xd000 irq 14
[    0.599919] ata2: PATA max UDMA/33 cmd 0x170 ctl 0x376 bmdma 0xd008 irq 15
[    0.600990] libphy: Fixed MDIO Bus: probed
[    0.601468] tun: Universal TUN/TAP device driver, 1.6
[    0.602046] PPP generic driver version 2.4.2
[    0.602554] ehci_hcd: USB 2.0 'Enhanced' Host Controller (EHCI) Driver
[    0.603426] ehci-pci: EHCI PCI platform driver
[    0.604001] ehci-platform: EHCI generic platform driver
[    0.604753] ohci_hcd: USB 1.1 'Open' Host Controller (OHCI) Driver
[    0.605433] ohci-pci: OHCI PCI platform driver
[    0.605983] ohci-platform: OHCI generic platform driver
[    0.606588] uhci_hcd: USB Universal Host Controller Interface driver
[    0.607319] i8042: PNP: PS/2 Controller [PNP0303:PS2K,PNP0f03:PS2M] at 0x60,0x64 irq 1,12
[    0.608564] serio: i8042 KBD port at 0x60,0x64 irq 1
[    0.609125] serio: i8042 AUX port at 0x60,0x64 irq 12
[    0.609703] mousedev: PS/2 mouse device common for all mice
[    0.610509] input: AT Translated Set 2 keyboard as /devices/platform/i8042/serio0/input/input2
[    0.611673] rtc_cmos rtc_cmos: rtc core: registered rtc_cmos as rtc0
[    0.612587] rtc_cmos rtc_cmos: alarms up to one day, 114 bytes nvram
[    0.613257] i2c /dev entries driver
[    0.613689] device-mapper: uevent: version 1.0.3
[    0.614230] device-mapper: ioctl: 4.37.0-ioctl (2017-09-20) initialised: dm-devel@redhat.com
[    0.615139] ledtrig-cpu: registered to indicate activity on CPUs
[    0.615932] NET: Registered protocol family 10
[    0.618003] Segment Routing with IPv6
[    0.618459] NET: Registered protocol family 17
[    0.618980] Key type dns_resolver registered
[    0.619534] mce: Using 0 MCE banks
[    0.619992] RAS: Correctable Errors collector initialized.
[    0.620696] sched_clock: Marking stable (620669004, 0)->(734060580, -113391576)
[    0.621577] registered taskstats version 1
[    0.622109] Loading compiled-in X.509 certificates
[    0.623929] Loaded X.509 cert 'Build time autogenerated kernel key: bf5768e0b2369bd53acb56866ca104cf5a2c379b'
[    0.625387] Loaded X.509 cert 'Canonical Ltd. Live Patch Signing: 14df34d1a87cf37625abec039ef2bf521249b969'
[    0.626760] Loaded X.509 cert 'Canonical Ltd. Kernel Module Signing: 88f752e560a1e0737e31163a466ad7b70a850c19'
[    0.627880] zswap: loaded using pool lzo/zbud
[    0.629872] Key type big_key registered
[    0.630354] Key type trusted registered
[    0.631452] Key type encrypted registered
[    0.631937] AppArmor: AppArmor sha1 policy hashing enabled
[    0.632602] ima: No TPM chip found, activating TPM-bypass! (rc=-19)
[    0.633366] ima: Allocated hash algorithm: sha1
[    0.633982] evm: HMAC attrs: 0x1
[    0.634549]   Magic number: 1:88:231
[    0.635061] rtc_cmos rtc_cmos: setting system clock to 2021-12-20 13:14:44 UTC (1640006084)
[    0.636025] BIOS EDD facility v0.16 2004-Jun-25, 0 devices found
[    0.636713] EDD information not available.
[    0.784350] Freeing unused kernel image memory: 2448K
[    0.792636] Write protecting the kernel read-only data: 20480k
[    0.793764] Freeing unused kernel image memory: 2008K
[    0.794517] Freeing unused kernel image memory: 1824K
[    0.801033] x86/mm: Checked W+X mappings: passed, no W+X pages found.
Loading, please wait...
starting version 237
[    0.856763] e1000: Intel(R) PRO/1000 Network Driver - version 7.3.21-k8-NAPI
[    0.857735] e1000: Copyright (c) 1999-2006 Intel Corporation.
[    0.860818] Fusion MPT base driver 3.04.20
[    0.861327] Copyright (c) 1999-2008 LSI Corporation
[    0.863978] Fusion MPT SPI Host driver 3.04.20
[    0.877975] AVX2 version of gcm_enc/dec engaged.
[    0.878623] AES CTR mode by8 optimization enabled
[    1.069385] input: ImExPS/2 Generic Explorer Mouse as /devices/platform/i8042/serio1/input/input4
[    1.217432] e1000 0000:00:03.0 eth0: (PCI:33MHz:32-bit) 02:2f:77:f1:0c:e0
[    1.218274] e1000 0000:00:03.0 eth0: Intel(R) PRO/1000 Network Connection
[    1.220269] e1000 0000:00:03.0 enp0s3: renamed from eth0
[    1.221465] mptbase: ioc0: Initiating bringup
[    1.316578] ioc0: LSI53C1030 A0: Capabilities={Initiator}
[    1.557275] scsi host2: ioc0: LSI53C1030 A0, FwRev=00000000h, Ports=1, MaxQ=256, IRQ=20
[    1.724787] scsi 2:0:0:0: Direct-Access     VBOX     HARDDISK         1.0  PQ: 0 ANSI: 5
[    1.725661] scsi target2:0:0: Beginning Domain Validation
[    1.726662] scsi target2:0:0: Domain Validation skipping write tests
[    1.727317] scsi target2:0:0: Ending Domain Validation
[    1.727884] scsi target2:0:0: asynchronous
[    1.728454] random: fast init done
[    1.728977] scsi 2:0:1:0: Direct-Access     VBOX     HARDDISK         1.0  PQ: 0 ANSI: 5
[    1.729826] scsi target2:0:1: Beginning Domain Validation
[    1.730858] scsi target2:0:1: Domain Validation skipping write tests
[    1.731523] scsi target2:0:1: Ending Domain Validation
[    1.732131] scsi target2:0:1: asynchronous
[    1.735197] random: systemd-udevd: uninitialized urandom read (16 bytes read)
[    1.735956] random: systemd-udevd: uninitialized urandom read (16 bytes read)
[    1.736721] random: systemd-udevd: uninitialized urandom read (16 bytes read)
[    1.737631] sd 2:0:0:0: [sda] 83886080 512-byte logical blocks: (42.9 GB/40.0 GiB)
[    1.738462] sd 2:0:0:0: [sda] Write Protect is off
[    1.739035] sd 2:0:0:0: [sda] Incomplete mode parameter data
[    1.739629] sd 2:0:0:0: [sda] Assuming drive cache: write through
[    1.740539] sd 2:0:0:0: Attached scsi generic sg0 type 0
[    1.741893]  sda: sda1
[    1.742295] sd 2:0:1:0: [sdb] 20480 512-byte logical blocks: (10.5 MB/10.0 MiB)
[    1.743158] sd 2:0:1:0: [sdb] Write Protect is off
[    1.743877] sd 2:0:1:0: [sdb] Incomplete mode parameter data
[    1.744514] sd 2:0:1:0: [sdb] Assuming drive cache: write through
[    1.745497] sd 2:0:0:0: [sda] Attached SCSI disk
[    1.746178] sd 2:0:1:0: Attached scsi generic sg1 type 0
[    1.747312] sd 2:0:1:0: [sdb] Attached SCSI disk
Begin: Loading essential drivers ... [    3.096269] raid6: sse2x1   gen()  8364 MB/s
[    3.144144] raid6: sse2x1   xor()  7883 MB/s
[    3.192022] raid6: sse2x2   gen() 17209 MB/s
[    3.240875] raid6: sse2x2   xor() 11029 MB/s
[    3.288757] raid6: sse2x4   gen() 17518 MB/s
[    3.336636] raid6: sse2x4   xor()  9533 MB/s
[    3.384517] raid6: avx2x1   gen() 19391 MB/s
[    3.432415] raid6: avx2x1   xor() 15392 MB/s
[    3.480287] raid6: avx2x2   gen() 15878 MB/s
[    3.528160] raid6: avx2x2   xor() 20652 MB/s
[    3.576038] raid6: avx2x4   gen() 35466 MB/s
[    3.624891] raid6: avx2x4   xor() 18271 MB/s
[    3.625448] raid6: using algorithm avx2x4 gen() 35466 MB/s
[    3.626152] raid6: .... xor() 18271 MB/s, rmw enabled
[    3.626780] raid6: using avx2x2 recovery algorithm
[    3.628526] xor: automatically using best checksumming function   avx       
[    3.630217] async_tx: api initialized (async)
done.
Begin: Running /scripts/init-premount ... done.
Begin: Mounting root file system ... Begin: Running /scripts/local-top ... done.
Begin: Running /scripts/local-premount ... [    3.664230] Btrfs loaded, crc32c=crc32c-intel
Scanning for Btrfs filesystems
done.
Warning: fsck not present, so skipping root file system
[    3.677919] EXT4-fs (sda1): mounted filesystem with ordered data mode. Opts: (null)
done.
Begin: Running /scripts/local-bottom ... done.
Begin: Running /scripts/init-bottom ... done.
[    3.780695] ip_tables: (C) 2000-2006 Netfilter Core Team
[    3.785274] systemd[1]: systemd 237 running in system mode. (+PAM +AUDIT +SELINUX +IMA +APPARMOR +SMACK +SYSVINIT +UTMP +LIBCRYPTSETUP +GCRYPT +GNUTLS +ACL +XZ +LZ4 +SECCOMP +BLKID +ELFUTILS +KMOD -IDN2 +IDN -PCRE2 default-hierarchy=hybrid)
[    3.787476] systemd[1]: Detected virtualization oracle.
[    3.788037] systemd[1]: Detected architecture x86-64.

Welcome to [1mUbuntu 18.04.6 LTS[0m!

[    3.790830] systemd[1]: Set hostname to <ubuntu>.
[    3.792629] systemd[1]: Initializing machine ID from random generator.
[    3.793367] systemd[1]: Installed transient /etc/machine-id file.
[    3.947373] systemd[1]: Set up automount Arbitrary Executable File Formats File System Automount Point.
[[0;32m  OK  [0m] Set up automount Arbitrary Executabâ€¦rmats File System Automount Point.
[    3.949327] systemd[1]: Reached target System Time Synchronized.
[[0;32m  OK  [0m] Reached target System Time Synchronized.
[    3.950684] systemd[1]: Created slice User and Session Slice.
[[0;32m  OK  [0m] Created slice User and Session Slice.
[    3.951817] systemd[1]: Reached target Swap.
[[0;32m  OK  [0m] Reached target Swap.
[[0;32m  OK  [0m] Created slice System Slice.
[[0;32m  OK  [0m] Listening on LVM2 poll daemon socket.
[[0;32m  OK  [0m] Listening on Journal Audit Socket.
[[0;32m  OK  [0m] Listening on /dev/initctl Compatibility Named Pipe.
[[0;32m  OK  [0m] Listening on udev Kernel Socket.
[[0;32m  OK  [0m] Created slice system-serial\x2dgetty.slice.
[[0;32m  OK  [0m] Listening on LVM2 metadata daemon socket.
[[0;32m  OK  [0m] Reached target Slices.
[[0;32m  OK  [0m] Listening on Network Service Netlink Socket.
[[0;32m  OK  [0m] Listening on fsck to fsckd communication Socket.
[[0;32m  OK  [0m] Listening on Device-mapper event daemon FIFOs.
[[0;32m  OK  [0m] Listening on udev Control Socket.
[[0;32m  OK  [0m] Listening on Journal Socket.
         Starting File System Check on Root Device...
         Starting Load Kernel Modules...
         Starting Create list of required stâ€¦ce nodes for the current kernel...
         Starting Set the console keyboard layout...
         Mounting Kernel Debug File System...
         Starting udev Coldplug all Devices...
         Starting Uncomplicated firewall...
         Starting Monitoring of LVM2 mirrorsâ€¦ng dmeventd or progress polling...
         Mounting POSIX Message Queue File System...
[[0;32m  OK  [0m] Listening on Journal Socket (/dev/log).
[[0;32m  OK  [0m] Reached target User and Group Name Lookups.
[[0;32m  OK  [0m] Started Forward Password Requests to Wall Directory Watch.
[[0;32m  OK  [0m] Listening on Syslog Socket.
         Starting Journal Service...
         Mounting Huge Pages File System...
[[0;32m  OK  [0m] Started File System Check Daemon to report status.
[[0;32m  OK  [0m] Started Create list of required staâ€¦vice nodes for the current kernel.
         Starting Create Static Device Nodes in /dev...[    4.014114] Loading iSCSI transport class v2.0-870.

[    4.018433] iscsi: registered transport (tcp)
[[0;32m  OK  [0m] Started LVM2 metadata daemon.
[[0;32m  OK  [0m] Started Uncomplicated firewall.
[[0;32m  OK  [0m] Started udev Coldplug all Devices.
[[0;32m  OK  [0m] Started Journal Service.
[[0;32m  OK  [0m] Started File System Check on Root Device.
         Starting Remount Root and Kernel File Systems...
[[0;32m  OK  [0m] Started Create Static Device Nodes in /dev.
[    4.118806] iscsi: registered transport (iser)
[[0;32m  OK  [0m] Started Load Kernel Modules.
         Mounting Kernel Configuration File System...
         Mounting FUSE Control File System...
         Starting Apply Kernel Variables...
[[0;32m  OK  [0m] Mounted POSIX Message Queue File System.
[[0;32m  OK  [0m] Mounted Kernel Debug File System.
[[0;32m  OK  [0m] Mounted FUSE Control File System.
[[0;32m  OK  [0m] Mounted Kernel Configuration File System.
[[0;32m  OK  [0m] Mounted Huge Pages File System.
[[0;32m  OK  [0m] Started Apply Kernel Variables.
[[0;32m  OK  [0m] Started Remount Root and Kernel File Systems.
         Starting udev Kernel Device Manager...
         Starting Load/Save Random Seed...
         Starting Flush Journal to Persistent Storage...
[[0;32m  OK  [0m] Started Monitoring of LVM2 mirrors,â€¦sing dmeventd or progress polling.
[[0;32m  OK  [0m] Started Load/Save Random Seed.
[[0;32m  OK  [0m] Started udev Kernel Device Manager.
[[0;32m  OK  [0m] Started Flush Journal to Persistent Storage.
[[0;32m  OK  [0m] Started Set the console keyboard layout.
[[0;32m  OK  [0m] Started Dispatch Password Requests to Console Directory Watch.
[[0;32m  OK  [0m] Reached target Local Encrypted Volumes.
[[0;32m  OK  [0m] Reached target Local File Systems (Pre).
[[0;32m  OK  [0m] Reached target Local File Systems.
         Starting AppArmor initialization...
         Starting Set console font and keymap...
         Starting ebtables ruleset management...
         Starting Create Volatile Files and Directories...
         Starting Commit a transient machine-id on disk...
         Starting Tell Plymouth To Write Out Runtime Data...
[[0;32m  OK  [0m] Started Set console font and keymap.
[[0;32m  OK  [0m] Started Tell Plymouth To Write Out Runtime Data.
[[0;32m  OK  [0m] Started Commit a transient machine-id on disk.
[[0;32m  OK  [0m] Started Create Volatile Files and Directories.
         Starting Update UTMP about System Boot/Shutdown...
[[0;32m  OK  [0m] Started Update UTMP about System Boot/Shutdown.
[[0;32m  OK  [0m] Started ebtables ruleset management.
[[0;32m  OK  [0m] Found device /dev/ttyS0.
[[0;32m  OK  [0m] Listening on Load/Save RF Kill Switch Status /dev/rfkill Watch.
[[0;32m  OK  [0m] Started AppArmor initialization.
         Starting Load AppArmor profiles managed internally by snapd...
         Starting Initial cloud-init job (pre-networking)...
[[0;32m  OK  [0m] Started Load AppArmor profiles managed internally by snapd.
[    5.993013] cloud-init[570]: Cloud-init v. 21.2-3-g899bfaa9-0ubuntu2~18.04.1 running 'init-local' at Mon, 20 Dec 2021 13:14:49 +0000. Up 5.77 seconds.
[[0;32m  OK  [0m] Started Initial cloud-init job (pre-networking).
[[0;32m  OK  [0m] Reached target Network (Pre).
         Starting Network Service...
[[0;32m  OK  [0m] Started Network Service.
         Starting Wait for Network to be Configured...
         Starting Network Name Resolution...
[[0;32m  OK  [0m] Started Network Name Resolution.
[[0;32m  OK  [0m] Reached target Network.
[[0;32m  OK  [0m] Reached target Host and Network Name Lookups.
[[0;32m  OK  [0m] Started Wait for Network to be Configured.
         Starting Initial cloud-init job (metadata service crawler)...
[    7.506169] cloud-init[666]: Cloud-init v. 21.2-3-g899bfaa9-0ubuntu2~18.04.1 running 'init' at Mon, 20 Dec 2021 13:14:51 +0000. Up 7.42 seconds.
[    7.508330] cloud-init[666]: ci-info: +++++++++++++++++++++++++++++++++++++Net device info++++++++++++++++++++++++++++++++++++++
[    7.509517] cloud-init[666]: ci-info: +--------+------+---------------------------+---------------+--------+-------------------+
[    7.511732] cloud-init[666]: ci-info: | Device |  Up  |          Address          |      Mask     | Scope  |     Hw-Address    |
[    7.513275] cloud-init[666]: ci-info: +--------+------+---------------------------+---------------+--------+-------------------+
[    7.514603] cloud-init[666]: ci-info: | enp0s3 | True |         10.0.2.15         | 255.255.255.0 | global | 02:2f:77:f1:0c:e0 |
[    7.517009] cloud-init[666]: ci-info: | enp0s3 | True | fe80::2f:77ff:fef1:ce0/64 |       .       |  link  | 02:2f:77:f1:0c:e0 |
[    7.519660] cloud-init[666]: ci-info: |   lo   | True |         127.0.0.1         |   255.0.0.0   |  host  |         .         |
[    7.522607] cloud-init[666]: ci-info: |   lo   | True |          ::1/128          |       .       |  host  |         .         |
[    7.524062] cloud-init[666]: ci-info: +--------+------+---------------------------+---------------+--------+-------------------+
[    7.528626] cloud-init[666]: ci-info: ++++++++++++++++++++++++++++Route IPv4 info+++++++++++++++++++++++++++++
[    7.529586] cloud-init[666]: ci-info: +-------+-------------+----------+-----------------+-----------+-------+
[    7.531314] cloud-init[666]: ci-info: | Route | Destination | Gateway  |     Genmask     | Interface | Flags |
[    7.532316] cloud-init[666]: ci-info: +-------+-------------+----------+-----------------+-----------+-------+
[    7.533872] cloud-init[666]: ci-info: |   0   |   0.0.0.0   | 10.0.2.2 |     0.0.0.0     |   enp0s3  |   UG  |
[    7.536159] cloud-init[666]: ci-info: |   1   |   10.0.2.0  | 0.0.0.0  |  255.255.255.0  |   enp0s3  |   U   |
[    7.538345] cloud-init[666]: ci-info: |   2   |   10.0.2.2  | 0.0.0.0  | 255.255.255.255 |   enp0s3  |   UH  |
[    7.539356] cloud-init[666]: ci-info: +-------+-------------+----------+-----------------+-----------+-------+
[    7.540447] cloud-init[666]: ci-info: +++++++++++++++++++Route IPv6 info+++++++++++++++++++
[    7.541322] cloud-init[666]: ci-info: +-------+-------------+---------+-----------+-------+
[    7.542379] cloud-init[666]: ci-info: | Route | Destination | Gateway | Interface | Flags |
[    7.546127] cloud-init[666]: ci-info: +-------+-------------+---------+-----------+-------+
[    7.549268] cloud-init[666]: ci-info: |   1   |  fe80::/64  |    ::   |   enp0s3  |   U   |
[    7.550743] cloud-init[666]: ci-info: |   3   |    local    |    ::   |   enp0s3  |   U   |
[    7.552074] cloud-init[666]: ci-info: |   4   |   ff00::/8  |    ::   |   enp0s3  |   U   |
[    7.553428] cloud-init[666]: ci-info: +-------+-------------+---------+-----------+-------+
[    8.041317] cloud-init[666]: Generating public/private rsa key pair.
[    8.042163] cloud-init[666]: Your identification has been saved in /etc/ssh/ssh_host_rsa_key.
[    8.042930] cloud-init[666]: Your public key has been saved in /etc/ssh/ssh_host_rsa_key.pub.
[    8.043671] cloud-init[666]: The key fingerprint is:
[    8.044208] cloud-init[666]: SHA256:xzFUSnTLu8ir91shAnxFs3GJ9QoRmpmUMg8O9DITaiw root@ubuntu-bionic
[    8.047115] cloud-init[666]: The key's randomart image is:
[    8.047754] cloud-init[666]: +---[RSA 2048]----+
[    8.048234] cloud-init[666]: |     .o  .=+X+o. |
[    8.052923] cloud-init[666]: |   . ..+++.X.B.. |
[    8.053414] cloud-init[666]: |  E + +o+=X =   .|
[    8.053975] cloud-init[666]: |   o   +.+.o o . |
[    8.054470] cloud-init[666]: |        S + o o  |
[    8.054914] cloud-init[666]: |         o o o . |
[    8.055459] cloud-init[666]: |          o . .  |
[    8.056043] cloud-init[666]: |          .. .   |
[    8.056552] cloud-init[666]: |        .o..o.   |
[    8.060780] cloud-init[666]: +----[SHA256]-----+
[    8.061252] cloud-init[666]: Generating public/private dsa key pair.
[    8.061869] cloud-init[666]: Your identification has been saved in /etc/ssh/ssh_host_dsa_key.
[    8.062658] cloud-init[666]: Your public key has been saved in /etc/ssh/ssh_host_dsa_key.pub.
[    8.063401] cloud-init[666]: The key fingerprint is:
[    8.064562] cloud-init[666]: SHA256:JXed9zP7ScMDD9aev12PZ66qdmD0lmZeTEFqA5T+i2w root@ubuntu-bionic
[    8.068563] cloud-init[666]: The key's randomart image is:
[    8.069244] cloud-init[666]: +---[DSA 1024]----+
[    8.069890] cloud-init[666]: |         .o. ..  |
[    8.070348] cloud-init[666]: |          .. o.. |
[    8.070852] cloud-init[666]: |        ..o = o..|
[    8.071325] cloud-init[666]: |         +oo .o..|
[    8.072377] cloud-init[666]: |        S. o B +.|
[    8.076373] cloud-init[666]: |          o O O =|
[    8.076870] cloud-init[666]: |         o B o X.|
[    8.077491] cloud-init[666]: |          E + ..%|
[    8.077990] cloud-init[666]: |         o.o..oBB|
[    8.078465] cloud-init[666]: +----[SHA256]-----+
[    8.078895] cloud-init[666]: Generating public/private ecdsa key pair.
[    8.080213] cloud-init[666]: Your identification has been saved in /etc/ssh/ssh_host_ecdsa_key.
[    8.081023] cloud-init[666]: Your public key has been saved in /etc/ssh/ssh_host_ecdsa_key.pub.
[    8.084186] cloud-init[666]: The key fingerprint is:
[    8.084741] cloud-init[666]: SHA256:urcSBHraWPPEZ14qzAyUihukgDleymBVsAnkvGgnOAE root@ubuntu-bionic
[    8.085505] cloud-init[666]: The key's randomart image is:
[    8.086049] cloud-init[666]: +---[ECDSA 256]---+
[    8.089027] cloud-init[666]: |E+.ooo           |
[    8.089502] cloud-init[666]: |Xo..*            |
[    8.089957] cloud-init[666]: |X=o* o           |
[    8.090440] cloud-init[666]: |*=+ = + o .      |
[    8.090889] cloud-init[666]: |+* B X +So       |
[    8.093006] cloud-init[666]: |o.= . B.o        |
[    8.093607] cloud-init[666]: |      .o         |
[    8.094134] cloud-init[666]: |      ...        |
[    8.097400] cloud-init[666]: |      .o..       |
[    8.097937] cloud-init[666]: +----[SHA256]-----+
[    8.098402] cloud-init[666]: Generating public/private ed25519 key pair.
[    8.099031] cloud-init[666]: Your identification has been saved in /etc/ssh/ssh_host_ed25519_key.
[    8.100720] cloud-init[666]: Your public key has been saved in /etc/ssh/ssh_host_ed25519_key.pub.
[    8.104757] cloud-init[666]: The key fingerprint is:
[    8.105360] cloud-init[666]: SHA256:3uw37Z8tnJmRuNRQEf3ns8MRT+kMcWwU+JJrVO4YLt4 root@ubuntu-bionic
[    8.106364] cloud-init[666]: The key's randomart image is:
[    8.106942] cloud-init[666]: +--[ED25519 256]--+
[    8.107468] cloud-init[666]: |              **.|
[    8.108543] cloud-init[666]: |             o.=.|
[    8.111274] cloud-init[666]: |             .O o|
[    8.111880] cloud-init[666]: |            .* =+|
[    8.112536] cloud-init[666]: |        S   o+X++|
[    8.113002] cloud-init[666]: |       . o .o=+*o|
[    8.113483] cloud-init[666]: |        . +.++.=+|
[[0;32m  OK  [0m] Started Initial cloud-init job (metadata service crawler).
[[0;32m  OK  [0m] Reached target System Initialization.
         [    8.116399] cloud-init[666]: |         . .+EB+o|
[    8.116985] cloud-init[666]: |          .. o.++|
[    8.117468] cloud-init[666]: +----[SHA256]-----+
Starting Socket activation for snappy daemon.
[[0;32m  OK  [0m] Listening on ACPID Listen Socket.
[[0;32m  OK  [0m] Listening on D-Bus System Message Bus Socket.
[[0;32m  OK  [0m] Started Daily Cleanup of Temporary Directories.
[[0;32m  OK  [0m] Started Daily apt download activities.
[[0;32m  OK  [0m] Started Daily apt upgrade and clean activities.
         Starting LXD - unix socket.
[[0;32m  OK  [0m] Started Ubuntu Advantage update messaging.
[[0;32m  OK  [0m] Started ACPI Events Check.
[[0;32m  OK  [0m] Reached target Paths.
[[0;32m  OK  [0m] Started Message of the Day.
[[0;32m  OK  [0m] Listening on Open-iSCSI iscsid Socket.
[[0;32m  OK  [0m] Listening on UUID daemon activation socket.
[[0;32m  OK  [0m] Started Discard unused blocks once a week.
[[0;32m  OK  [0m] Reached target Timers.
[[0;32m  OK  [0m] Reached target Cloud-config availability.
[[0;32m  OK  [0m] Reached target Network is Online.
         Starting Availability of block devices...
[[0;32m  OK  [0m] Reached target Remote File Systems (Pre).
[[0;32m  OK  [0m] Reached target Remote File Systems.
[[0;32m  OK  [0m] Listening on Socket activation for snappy daemon.
[[0;32m  OK  [0m] Listening on LXD - unix socket.
[[0;32m  OK  [0m] Reached target Sockets.
[[0;32m  OK  [0m] Reached target Basic System.
         Starting LSB: automatic crash report generation...
[[0;32m  OK  [0m] Started irqbalance daemon.
         Starting Dispatcher daemon for systemd-networkd...
         Starting LSB: Record successful boot for GRUB...
         Starting Login Service...
         Starting Accounts Service...
[[0;32m  OK  [0m] Started Deferred execution scheduler.
         Starting Permit User Sessions...
[[0;32m  OK  [0m] Started FUSE filesystem for LXC.
         Starting Pollinate to seed the pseudo random number generator...
         Starting Virtualbox guest utils...
[[0;32m  OK  [0m] Started D-Bus System Message Bus.
[[0;32m  OK  [0m] Started Regular background program processing daemon.
         Starting System Logging Service...
         Starting LXD - container startup/shutdown...
         Starting Snap Daemon...
[[0;32m  OK  [0m] Started Availability of block devices.
[[0;32m  OK  [0m] Started Permit User Sessions.
[[0;32m  OK  [0m] Started Login Service.
[[0;32m  OK  [0m] Started Unattended Upgrades Shutdown.
         Starting Hold until boot process finishes up...
         Starting Terminate Plymouth Boot Screen...
[[0;32m  OK  [0m] Started Hold until boot process finishes up.
         Starting Set console scheme...
[[0;32m  OK  [0m] Started Serial Getty on ttyS0.
[[0;32m  OK  [0m] Started System Logging Service.
[[0;32m  OK  [0m] Started Terminate Plymouth Boot Screen.
         Starting Authorization Manager...
[[0;32m  OK  [0m] Started Set console scheme.
[[0;32m  OK  [0m] Created slice system-getty.slice.
[[0;32m  OK  [0m] Started Getty on tty1.
[[0;32m  OK  [0m] Reached target Login Prompts.
[[0;32m  OK  [0m] Started LSB: automatic crash report generation.
[[0;32m  OK  [0m] Started LSB: Record successful boot for GRUB.
[[0;32m  OK  [0m] Started Authorization Manager.
[[0;32m  OK  [0m] Started Accounts Service.
[[0;32m  OK  [0m] Started LXD - container startup/shutdown.
[[0;32m  OK  [0m] Started Virtualbox guest utils.
[[0;32m  OK  [0m] Started Dispatcher daemon for systemd-networkd.
[[0;32m  OK  [0m] Started Snap Daemon.
         Starting Wait until snapd is fully seeded...
[[0;32m  OK  [0m] Started Pollinate to seed the pseudo random number generator.
         Starting OpenBSD Secure Shell server...
[[0;32m  OK  [0m] Started OpenBSD Secure Shell server.
[[0;32m  OK  [0m] Started Wait until snapd is fully seeded.
         Starting Apply the settings specified in cloud-config...
[[0;32m  OK  [0m] Reached target Multi-User System.
[[0;32m  OK  [0m] Reached target Graphical Interface.
         Starting Update UTMP about System Runlevel Changes...
[[0;32m  OK  [0m] Started Update UTMP about System Runlevel Changes.
[   10.253360] cloud-init[1088]: Cloud-init v. 21.2-3-g899bfaa9-0ubuntu2~18.04.1 running 'modules:config' at Mon, 20 Dec 2021 13:14:53 +0000. Up 9.93 seconds.
[[0;32m  OK  [0m] Started Apply the settings specified in cloud-config.
         Starting Execute cloud user/final scripts...
ci-info: no authorized SSH keys fingerprints found for user ubuntu.
<14>Dec 20 13:14:54 cloud-init: #############################################################
<14>Dec 20 13:14:54 cloud-init: -----BEGIN SSH HOST KEY FINGERPRINTS-----
<14>Dec 20 13:14:54 cloud-init: 1024 SHA256:JXed9zP7ScMDD9aev12PZ66qdmD0lmZeTEFqA5T+i2w root@ubuntu-bionic (DSA)
<14>Dec 20 13:14:54 cloud-init: 256 SHA256:urcSBHraWPPEZ14qzAyUihukgDleymBVsAnkvGgnOAE root@ubuntu-bionic (ECDSA)
<14>Dec 20 13:14:54 cloud-init: 256 SHA256:3uw37Z8tnJmRuNRQEf3ns8MRT+kMcWwU+JJrVO4YLt4 root@ubuntu-bionic (ED25519)
<14>Dec 20 13:14:54 cloud-init: 2048 SHA256:xzFUSnTLu8ir91shAnxFs3GJ9QoRmpmUMg8O9DITaiw root@ubuntu-bionic (RSA)
<14>Dec 20 13:14:54 cloud-init: -----END SSH HOST KEY FINGERPRINTS-----
<14>Dec 20 13:14:54 cloud-init: #############################################################
-----BEGIN SSH HOST KEY KEYS-----
ecdsa-sha2-nistp256 AAAAE2VjZHNhLXNoYTItbmlzdHAyNTYAAAAIbmlzdHAyNTYAAABBBGMzI4MdD3NZy7JjxHNO0MBrr88Q64i4TJz2qAe0LceMvlLEbyXhPSsaYS3aPzBM5LGD/AKPNSQZr4XGnx8ncxA= root@ubuntu-bionic
ssh-ed25519 AAAAC3NzaC1lZDI1NTE5AAAAIJGs8GzTB6heYw1UPTKV7JKPppBzK6ZT+/yRTU9M0JGJ root@ubuntu-bionic
ssh-rsa AAAAB3NzaC1yc2EAAAADAQABAAABAQC+S9C3hBU8X6aPdVF9Cif+PrKMUt8jYuf+Tl+UAij6srge4D4d8/FTv5zrk6wa4padHra+4jW/01BRhjNS2VV695JebKrBcR/n3PrklDrOQE0P2ZEEoDLY7vfmcOatVofSp8h/EHAWzgOZ/IgYgCfOpjxGzFl2R0PY/Vw1eUoUjHp9yMjeEFpWcjITylCfLZI6zPaIpfeJRFbpjjPiAUcBfTTSxIUM7nJW4kIBerCQACqP5Me0F76W/5KLWY8lii0kLqNJBQO2o9QPHk3ks6vcaRcz2NApvaU228gBxDHyIaykMU6JrHTuFfW9/cJdbRpWPEpQawn5rKDMateYstKB root@ubuntu-bionic
-----END SSH HOST KEY KEYS-----
[   10.627703] cloud-init[1129]: Cloud-init v. 21.2-3-g899bfaa9-0ubuntu2~18.04.1 running 'modules:final' at Mon, 20 Dec 2021 13:14:54 +0000. Up 10.52 seconds.
[   10.629040] cloud-init[1129]: ci-info: no authorized SSH keys fingerprints found for user ubuntu.
[   10.629852] cloud-init[1129]: Cloud-init v. 21.2-3-g899bfaa9-0ubuntu2~18.04.1 finished at Mon, 20 Dec 2021 13:14:54 +0000. Datasource DataSourceNoCloud [seed=/dev/sdb][dsmode=net].  Up 10.62 seconds
[[0;32m  OK  [0m] Started Execute cloud user/final scripts.
[[0;32m  OK  [0m] Reached target Cloud-init target.

Ubuntu 18.04.6 LTS ubuntu-bionic ttyS0

ubuntu-bionic login: 